21:59:39 **** Clean-only build of configuration Debug for project core1 ****
make clean 
rm -rf  ./src/Overlays/benchmark_stream.d ./src/Overlays/mmu.d ./src/Overlays/stream.d  ./src/kernel1.d ./src/main.d  ./src/Overlays/stream_ip_bsp/write_only_64_jump/xwrite_only_64_jump.o  ./src/Overlays/stream_ip_bsp/write_only_32_jump/xwrite_only_32_jump.o  ./src/Overlays/stream_ip_bsp/write_only_128_jump/xwrite_only_128_jump.o  ./src/Overlays/stream_ip_bsp/write_only_128_burst_jump/xwrite_only_128_burst_jump.o  ./src/Overlays/stream_ip_bsp/read_only_64_jump/xread_only_64_jump.o  ./src/Overlays/stream_ip_bsp/read_only_32_jump/xread_only_32_jump.o  ./src/Overlays/stream_ip_bsp/read_only_128_jump/xread_only_128_jump.o  ./src/Overlays/stream_ip_bsp/read_only_128_burst_jump/xread_only_128_burst_jump.o  ./src/Overlays/stream_ip_bsp/presence_write_jump/xpresence_write_jump.o  ./src/Overlays/stream_ip_bsp/presence_read_jump/xpresence_read_jump.o  ./src/Overlays/stream_ip_bsp/loop_back_64_write_jump/xloop_back_64_write_jump.o  ./src/Overlays/stream_ip_bsp/loop_back_64_read_jump/xloop_back_64_read_jump.o  ./src/Overlays/stream_ip_bsp/loop_back_32_write_jump/xloop_back_32_write_jump.o  ./src/Overlays/stream_ip_bsp/loop_back_32_read_jump/xloop_back_32_read_jump.o  ./src/Overlays/stream_ip_bsp/loop_back_128_write_jump/xloop_back_128_write_jump.o  ./src/Overlays/stream_ip_bsp/loop_back_128_write_axi_lite_jump/xloop_back_128_write_axi_lite_jump.o  ./src/Overlays/stream_ip_bsp/loop_back_128_read_jump/xloop_back_128_read_jump.o  ./src/Overlays/stream_ip_bsp/loop_back_128_read_axi_lite_jump/xloop_back_128_read_axi_lite_jump.o  ./src/Overlays/stream_ip_bsp/example_jump_table/example_jump.o  ./src/Overlays/stream_ip_bsp/circ_buff_write_many_jump/xcirc_buff_write_many_jump.o  ./src/Overlays/stream_ip_bsp/circ_buff_write_many_128_jump/xcirc_buff_write_many_128_jump.o  ./src/Overlays/stream_ip_bsp/circ_buff_write_jump/xcirc_buff_write_jump.o  ./src/Overlays/stream_ip_bsp/circ_buff_write_128_jump/xcirc_buff_write_128_jump.o  ./src/Overlays/stream_ip_bsp/circ_buff_read_many_jump/xcirc_buff_read_many_jump.o  ./src/Overlays/stream_ip_bsp/circ_buff_read_many_128_jump/xcirc_buff_read_many_128_jump.o  ./src/Overlays/stream_ip_bsp/circ_buff_read_jump/xcirc_buff_read_jump.o  ./src/Overlays/stream_ip_bsp/circ_buff_read_128_jump/xcirc_buff_read_128_jump.o  ./src/Overlays/stream_ip_bsp/bert_example_jump/bert_example_jump.o  ./src/Overlays/stream_ip_bsp/bsp_jump_table.o  ./src/Overlays/benchmark_stream.o ./src/Overlays/mmu.o ./src/Overlays/stream.o  ./src/kernel1.o ./src/main.o  ./src/Overlays/stream_ip_bsp/write_only_64_jump/xwrite_only_64_jump.d  ./src/Overlays/stream_ip_bsp/write_only_32_jump/xwrite_only_32_jump.d  ./src/Overlays/stream_ip_bsp/write_only_128_jump/xwrite_only_128_jump.d  ./src/Overlays/stream_ip_bsp/write_only_128_burst_jump/xwrite_only_128_burst_jump.d  ./src/Overlays/stream_ip_bsp/read_only_64_jump/xread_only_64_jump.d  ./src/Overlays/stream_ip_bsp/read_only_32_jump/xread_only_32_jump.d  ./src/Overlays/stream_ip_bsp/read_only_128_jump/xread_only_128_jump.d  ./src/Overlays/stream_ip_bsp/read_only_128_burst_jump/xread_only_128_burst_jump.d  ./src/Overlays/stream_ip_bsp/presence_write_jump/xpresence_write_jump.d  ./src/Overlays/stream_ip_bsp/presence_read_jump/xpresence_read_jump.d  ./src/Overlays/stream_ip_bsp/loop_back_64_write_jump/xloop_back_64_write_jump.d  ./src/Overlays/stream_ip_bsp/loop_back_64_read_jump/xloop_back_64_read_jump.d  ./src/Overlays/stream_ip_bsp/loop_back_32_write_jump/xloop_back_32_write_jump.d  ./src/Overlays/stream_ip_bsp/loop_back_32_read_jump/xloop_back_32_read_jump.d  ./src/Overlays/stream_ip_bsp/loop_back_128_write_jump/xloop_back_128_write_jump.d  ./src/Overlays/stream_ip_bsp/loop_back_128_write_axi_lite_jump/xloop_back_128_write_axi_lite_jump.d  ./src/Overlays/stream_ip_bsp/loop_back_128_read_jump/xloop_back_128_read_jump.d  ./src/Overlays/stream_ip_bsp/loop_back_128_read_axi_lite_jump/xloop_back_128_read_axi_lite_jump.d  ./src/Overlays/stream_ip_bsp/example_jump_table/example_jump.d  ./src/Overlays/stream_ip_bsp/circ_buff_write_many_jump/xcirc_buff_write_many_jump.d  ./src/Overlays/stream_ip_bsp/circ_buff_write_many_128_jump/xcirc_buff_write_many_128_jump.d  ./src/Overlays/stream_ip_bsp/circ_buff_write_jump/xcirc_buff_write_jump.d  ./src/Overlays/stream_ip_bsp/circ_buff_write_128_jump/xcirc_buff_write_128_jump.d  ./src/Overlays/stream_ip_bsp/circ_buff_read_many_jump/xcirc_buff_read_many_jump.d  ./src/Overlays/stream_ip_bsp/circ_buff_read_many_128_jump/xcirc_buff_read_many_128_jump.d  ./src/Overlays/stream_ip_bsp/circ_buff_read_jump/xcirc_buff_read_jump.d  ./src/Overlays/stream_ip_bsp/circ_buff_read_128_jump/xcirc_buff_read_128_jump.d  ./src/Overlays/stream_ip_bsp/bert_example_jump/bert_example_jump.d  ./src/Overlays/stream_ip_bsp/bsp_jump_table.d  core1.elf.size  core1.elf
 
21:59:39 **** Incremental Build of configuration Debug for project core1 ****
make all 
Building file: ../src/Overlays/stream_ip_bsp/write_only_64_jump/xwrite_only_64_jump.c
Invoking: ARM v8 g++ compiler
aarch64-none-elf-g++ -Wall -O3 -g3 -c -fmessage-length=0 -MT"src/Overlays/stream_ip_bsp/write_only_64_jump/xwrite_only_64_jump.o" -I../../core1_bsp/psu_cortexa53_1/include -MMD -MP -MF"src/Overlays/stream_ip_bsp/write_only_64_jump/xwrite_only_64_jump.d" -MT"src/Overlays/stream_ip_bsp/write_only_64_jump/xwrite_only_64_jump.o" -o "src/Overlays/stream_ip_bsp/write_only_64_jump/xwrite_only_64_jump.o" "../src/Overlays/stream_ip_bsp/write_only_64_jump/xwrite_only_64_jump.c"
Finished building: ../src/Overlays/stream_ip_bsp/write_only_64_jump/xwrite_only_64_jump.c
 
Building file: ../src/Overlays/stream_ip_bsp/write_only_32_jump/xwrite_only_32_jump.c
Invoking: ARM v8 g++ compiler
aarch64-none-elf-g++ -Wall -O3 -g3 -c -fmessage-length=0 -MT"src/Overlays/stream_ip_bsp/write_only_32_jump/xwrite_only_32_jump.o" -I../../core1_bsp/psu_cortexa53_1/include -MMD -MP -MF"src/Overlays/stream_ip_bsp/write_only_32_jump/xwrite_only_32_jump.d" -MT"src/Overlays/stream_ip_bsp/write_only_32_jump/xwrite_only_32_jump.o" -o "src/Overlays/stream_ip_bsp/write_only_32_jump/xwrite_only_32_jump.o" "../src/Overlays/stream_ip_bsp/write_only_32_jump/xwrite_only_32_jump.c"
Finished building: ../src/Overlays/stream_ip_bsp/write_only_32_jump/xwrite_only_32_jump.c
 
Building file: ../src/Overlays/stream_ip_bsp/write_only_128_jump/xwrite_only_128_jump.c
Invoking: ARM v8 g++ compiler
aarch64-none-elf-g++ -Wall -O3 -g3 -c -fmessage-length=0 -MT"src/Overlays/stream_ip_bsp/write_only_128_jump/xwrite_only_128_jump.o" -I../../core1_bsp/psu_cortexa53_1/include -MMD -MP -MF"src/Overlays/stream_ip_bsp/write_only_128_jump/xwrite_only_128_jump.d" -MT"src/Overlays/stream_ip_bsp/write_only_128_jump/xwrite_only_128_jump.o" -o "src/Overlays/stream_ip_bsp/write_only_128_jump/xwrite_only_128_jump.o" "../src/Overlays/stream_ip_bsp/write_only_128_jump/xwrite_only_128_jump.c"
Finished building: ../src/Overlays/stream_ip_bsp/write_only_128_jump/xwrite_only_128_jump.c
 
Building file: ../src/Overlays/stream_ip_bsp/write_only_128_burst_jump/xwrite_only_128_burst_jump.c
Invoking: ARM v8 g++ compiler
aarch64-none-elf-g++ -Wall -O3 -g3 -c -fmessage-length=0 -MT"src/Overlays/stream_ip_bsp/write_only_128_burst_jump/xwrite_only_128_burst_jump.o" -I../../core1_bsp/psu_cortexa53_1/include -MMD -MP -MF"src/Overlays/stream_ip_bsp/write_only_128_burst_jump/xwrite_only_128_burst_jump.d" -MT"src/Overlays/stream_ip_bsp/write_only_128_burst_jump/xwrite_only_128_burst_jump.o" -o "src/Overlays/stream_ip_bsp/write_only_128_burst_jump/xwrite_only_128_burst_jump.o" "../src/Overlays/stream_ip_bsp/write_only_128_burst_jump/xwrite_only_128_burst_jump.c"
Finished building: ../src/Overlays/stream_ip_bsp/write_only_128_burst_jump/xwrite_only_128_burst_jump.c
 
Building file: ../src/Overlays/stream_ip_bsp/read_only_64_jump/xread_only_64_jump.c
Invoking: ARM v8 g++ compiler
aarch64-none-elf-g++ -Wall -O3 -g3 -c -fmessage-length=0 -MT"src/Overlays/stream_ip_bsp/read_only_64_jump/xread_only_64_jump.o" -I../../core1_bsp/psu_cortexa53_1/include -MMD -MP -MF"src/Overlays/stream_ip_bsp/read_only_64_jump/xread_only_64_jump.d" -MT"src/Overlays/stream_ip_bsp/read_only_64_jump/xread_only_64_jump.o" -o "src/Overlays/stream_ip_bsp/read_only_64_jump/xread_only_64_jump.o" "../src/Overlays/stream_ip_bsp/read_only_64_jump/xread_only_64_jump.c"
Finished building: ../src/Overlays/stream_ip_bsp/read_only_64_jump/xread_only_64_jump.c
 
Building file: ../src/Overlays/stream_ip_bsp/read_only_32_jump/xread_only_32_jump.c
Invoking: ARM v8 g++ compiler
aarch64-none-elf-g++ -Wall -O3 -g3 -c -fmessage-length=0 -MT"src/Overlays/stream_ip_bsp/read_only_32_jump/xread_only_32_jump.o" -I../../core1_bsp/psu_cortexa53_1/include -MMD -MP -MF"src/Overlays/stream_ip_bsp/read_only_32_jump/xread_only_32_jump.d" -MT"src/Overlays/stream_ip_bsp/read_only_32_jump/xread_only_32_jump.o" -o "src/Overlays/stream_ip_bsp/read_only_32_jump/xread_only_32_jump.o" "../src/Overlays/stream_ip_bsp/read_only_32_jump/xread_only_32_jump.c"
Finished building: ../src/Overlays/stream_ip_bsp/read_only_32_jump/xread_only_32_jump.c
 
Building file: ../src/Overlays/stream_ip_bsp/read_only_128_jump/xread_only_128_jump.c
Invoking: ARM v8 g++ compiler
aarch64-none-elf-g++ -Wall -O3 -g3 -c -fmessage-length=0 -MT"src/Overlays/stream_ip_bsp/read_only_128_jump/xread_only_128_jump.o" -I../../core1_bsp/psu_cortexa53_1/include -MMD -MP -MF"src/Overlays/stream_ip_bsp/read_only_128_jump/xread_only_128_jump.d" -MT"src/Overlays/stream_ip_bsp/read_only_128_jump/xread_only_128_jump.o" -o "src/Overlays/stream_ip_bsp/read_only_128_jump/xread_only_128_jump.o" "../src/Overlays/stream_ip_bsp/read_only_128_jump/xread_only_128_jump.c"
Finished building: ../src/Overlays/stream_ip_bsp/read_only_128_jump/xread_only_128_jump.c
 
Building file: ../src/Overlays/stream_ip_bsp/read_only_128_burst_jump/xread_only_128_burst_jump.c
Invoking: ARM v8 g++ compiler
aarch64-none-elf-g++ -Wall -O3 -g3 -c -fmessage-length=0 -MT"src/Overlays/stream_ip_bsp/read_only_128_burst_jump/xread_only_128_burst_jump.o" -I../../core1_bsp/psu_cortexa53_1/include -MMD -MP -MF"src/Overlays/stream_ip_bsp/read_only_128_burst_jump/xread_only_128_burst_jump.d" -MT"src/Overlays/stream_ip_bsp/read_only_128_burst_jump/xread_only_128_burst_jump.o" -o "src/Overlays/stream_ip_bsp/read_only_128_burst_jump/xread_only_128_burst_jump.o" "../src/Overlays/stream_ip_bsp/read_only_128_burst_jump/xread_only_128_burst_jump.c"
Finished building: ../src/Overlays/stream_ip_bsp/read_only_128_burst_jump/xread_only_128_burst_jump.c
 
Building file: ../src/Overlays/stream_ip_bsp/presence_write_jump/xpresence_write_jump.c
Invoking: ARM v8 g++ compiler
aarch64-none-elf-g++ -Wall -O3 -g3 -c -fmessage-length=0 -MT"src/Overlays/stream_ip_bsp/presence_write_jump/xpresence_write_jump.o" -I../../core1_bsp/psu_cortexa53_1/include -MMD -MP -MF"src/Overlays/stream_ip_bsp/presence_write_jump/xpresence_write_jump.d" -MT"src/Overlays/stream_ip_bsp/presence_write_jump/xpresence_write_jump.o" -o "src/Overlays/stream_ip_bsp/presence_write_jump/xpresence_write_jump.o" "../src/Overlays/stream_ip_bsp/presence_write_jump/xpresence_write_jump.c"
Finished building: ../src/Overlays/stream_ip_bsp/presence_write_jump/xpresence_write_jump.c
 
Building file: ../src/Overlays/stream_ip_bsp/presence_read_jump/xpresence_read_jump.c
Invoking: ARM v8 g++ compiler
aarch64-none-elf-g++ -Wall -O3 -g3 -c -fmessage-length=0 -MT"src/Overlays/stream_ip_bsp/presence_read_jump/xpresence_read_jump.o" -I../../core1_bsp/psu_cortexa53_1/include -MMD -MP -MF"src/Overlays/stream_ip_bsp/presence_read_jump/xpresence_read_jump.d" -MT"src/Overlays/stream_ip_bsp/presence_read_jump/xpresence_read_jump.o" -o "src/Overlays/stream_ip_bsp/presence_read_jump/xpresence_read_jump.o" "../src/Overlays/stream_ip_bsp/presence_read_jump/xpresence_read_jump.c"
Finished building: ../src/Overlays/stream_ip_bsp/presence_read_jump/xpresence_read_jump.c
 
Building file: ../src/Overlays/stream_ip_bsp/loop_back_64_write_jump/xloop_back_64_write_jump.c
Invoking: ARM v8 g++ compiler
aarch64-none-elf-g++ -Wall -O3 -g3 -c -fmessage-length=0 -MT"src/Overlays/stream_ip_bsp/loop_back_64_write_jump/xloop_back_64_write_jump.o" -I../../core1_bsp/psu_cortexa53_1/include -MMD -MP -MF"src/Overlays/stream_ip_bsp/loop_back_64_write_jump/xloop_back_64_write_jump.d" -MT"src/Overlays/stream_ip_bsp/loop_back_64_write_jump/xloop_back_64_write_jump.o" -o "src/Overlays/stream_ip_bsp/loop_back_64_write_jump/xloop_back_64_write_jump.o" "../src/Overlays/stream_ip_bsp/loop_back_64_write_jump/xloop_back_64_write_jump.c"
Finished building: ../src/Overlays/stream_ip_bsp/loop_back_64_write_jump/xloop_back_64_write_jump.c
 
Building file: ../src/Overlays/stream_ip_bsp/loop_back_64_read_jump/xloop_back_64_read_jump.c
Invoking: ARM v8 g++ compiler
aarch64-none-elf-g++ -Wall -O3 -g3 -c -fmessage-length=0 -MT"src/Overlays/stream_ip_bsp/loop_back_64_read_jump/xloop_back_64_read_jump.o" -I../../core1_bsp/psu_cortexa53_1/include -MMD -MP -MF"src/Overlays/stream_ip_bsp/loop_back_64_read_jump/xloop_back_64_read_jump.d" -MT"src/Overlays/stream_ip_bsp/loop_back_64_read_jump/xloop_back_64_read_jump.o" -o "src/Overlays/stream_ip_bsp/loop_back_64_read_jump/xloop_back_64_read_jump.o" "../src/Overlays/stream_ip_bsp/loop_back_64_read_jump/xloop_back_64_read_jump.c"
Finished building: ../src/Overlays/stream_ip_bsp/loop_back_64_read_jump/xloop_back_64_read_jump.c
 
Building file: ../src/Overlays/stream_ip_bsp/loop_back_32_write_jump/xloop_back_32_write_jump.c
Invoking: ARM v8 g++ compiler
aarch64-none-elf-g++ -Wall -O3 -g3 -c -fmessage-length=0 -MT"src/Overlays/stream_ip_bsp/loop_back_32_write_jump/xloop_back_32_write_jump.o" -I../../core1_bsp/psu_cortexa53_1/include -MMD -MP -MF"src/Overlays/stream_ip_bsp/loop_back_32_write_jump/xloop_back_32_write_jump.d" -MT"src/Overlays/stream_ip_bsp/loop_back_32_write_jump/xloop_back_32_write_jump.o" -o "src/Overlays/stream_ip_bsp/loop_back_32_write_jump/xloop_back_32_write_jump.o" "../src/Overlays/stream_ip_bsp/loop_back_32_write_jump/xloop_back_32_write_jump.c"
Finished building: ../src/Overlays/stream_ip_bsp/loop_back_32_write_jump/xloop_back_32_write_jump.c
 
Building file: ../src/Overlays/stream_ip_bsp/loop_back_32_read_jump/xloop_back_32_read_jump.c
Invoking: ARM v8 g++ compiler
aarch64-none-elf-g++ -Wall -O3 -g3 -c -fmessage-length=0 -MT"src/Overlays/stream_ip_bsp/loop_back_32_read_jump/xloop_back_32_read_jump.o" -I../../core1_bsp/psu_cortexa53_1/include -MMD -MP -MF"src/Overlays/stream_ip_bsp/loop_back_32_read_jump/xloop_back_32_read_jump.d" -MT"src/Overlays/stream_ip_bsp/loop_back_32_read_jump/xloop_back_32_read_jump.o" -o "src/Overlays/stream_ip_bsp/loop_back_32_read_jump/xloop_back_32_read_jump.o" "../src/Overlays/stream_ip_bsp/loop_back_32_read_jump/xloop_back_32_read_jump.c"
Finished building: ../src/Overlays/stream_ip_bsp/loop_back_32_read_jump/xloop_back_32_read_jump.c
 
Building file: ../src/Overlays/stream_ip_bsp/loop_back_128_write_jump/xloop_back_128_write_jump.c
Invoking: ARM v8 g++ compiler
aarch64-none-elf-g++ -Wall -O3 -g3 -c -fmessage-length=0 -MT"src/Overlays/stream_ip_bsp/loop_back_128_write_jump/xloop_back_128_write_jump.o" -I../../core1_bsp/psu_cortexa53_1/include -MMD -MP -MF"src/Overlays/stream_ip_bsp/loop_back_128_write_jump/xloop_back_128_write_jump.d" -MT"src/Overlays/stream_ip_bsp/loop_back_128_write_jump/xloop_back_128_write_jump.o" -o "src/Overlays/stream_ip_bsp/loop_back_128_write_jump/xloop_back_128_write_jump.o" "../src/Overlays/stream_ip_bsp/loop_back_128_write_jump/xloop_back_128_write_jump.c"
Finished building: ../src/Overlays/stream_ip_bsp/loop_back_128_write_jump/xloop_back_128_write_jump.c
 
Building file: ../src/Overlays/stream_ip_bsp/loop_back_128_write_axi_lite_jump/xloop_back_128_write_axi_lite_jump.c
Invoking: ARM v8 g++ compiler
aarch64-none-elf-g++ -Wall -O3 -g3 -c -fmessage-length=0 -MT"src/Overlays/stream_ip_bsp/loop_back_128_write_axi_lite_jump/xloop_back_128_write_axi_lite_jump.o" -I../../core1_bsp/psu_cortexa53_1/include -MMD -MP -MF"src/Overlays/stream_ip_bsp/loop_back_128_write_axi_lite_jump/xloop_back_128_write_axi_lite_jump.d" -MT"src/Overlays/stream_ip_bsp/loop_back_128_write_axi_lite_jump/xloop_back_128_write_axi_lite_jump.o" -o "src/Overlays/stream_ip_bsp/loop_back_128_write_axi_lite_jump/xloop_back_128_write_axi_lite_jump.o" "../src/Overlays/stream_ip_bsp/loop_back_128_write_axi_lite_jump/xloop_back_128_write_axi_lite_jump.c"
Finished building: ../src/Overlays/stream_ip_bsp/loop_back_128_write_axi_lite_jump/xloop_back_128_write_axi_lite_jump.c
 
Building file: ../src/Overlays/stream_ip_bsp/loop_back_128_read_jump/xloop_back_128_read_jump.c
Invoking: ARM v8 g++ compiler
aarch64-none-elf-g++ -Wall -O3 -g3 -c -fmessage-length=0 -MT"src/Overlays/stream_ip_bsp/loop_back_128_read_jump/xloop_back_128_read_jump.o" -I../../core1_bsp/psu_cortexa53_1/include -MMD -MP -MF"src/Overlays/stream_ip_bsp/loop_back_128_read_jump/xloop_back_128_read_jump.d" -MT"src/Overlays/stream_ip_bsp/loop_back_128_read_jump/xloop_back_128_read_jump.o" -o "src/Overlays/stream_ip_bsp/loop_back_128_read_jump/xloop_back_128_read_jump.o" "../src/Overlays/stream_ip_bsp/loop_back_128_read_jump/xloop_back_128_read_jump.c"
Finished building: ../src/Overlays/stream_ip_bsp/loop_back_128_read_jump/xloop_back_128_read_jump.c
 
Building file: ../src/Overlays/stream_ip_bsp/loop_back_128_read_axi_lite_jump/xloop_back_128_read_axi_lite_jump.c
Invoking: ARM v8 g++ compiler
aarch64-none-elf-g++ -Wall -O3 -g3 -c -fmessage-length=0 -MT"src/Overlays/stream_ip_bsp/loop_back_128_read_axi_lite_jump/xloop_back_128_read_axi_lite_jump.o" -I../../core1_bsp/psu_cortexa53_1/include -MMD -MP -MF"src/Overlays/stream_ip_bsp/loop_back_128_read_axi_lite_jump/xloop_back_128_read_axi_lite_jump.d" -MT"src/Overlays/stream_ip_bsp/loop_back_128_read_axi_lite_jump/xloop_back_128_read_axi_lite_jump.o" -o "src/Overlays/stream_ip_bsp/loop_back_128_read_axi_lite_jump/xloop_back_128_read_axi_lite_jump.o" "../src/Overlays/stream_ip_bsp/loop_back_128_read_axi_lite_jump/xloop_back_128_read_axi_lite_jump.c"
Finished building: ../src/Overlays/stream_ip_bsp/loop_back_128_read_axi_lite_jump/xloop_back_128_read_axi_lite_jump.c
 
Building file: ../src/Overlays/stream_ip_bsp/example_jump_table/example_jump.c
Invoking: ARM v8 g++ compiler
aarch64-none-elf-g++ -Wall -O3 -g3 -c -fmessage-length=0 -MT"src/Overlays/stream_ip_bsp/example_jump_table/example_jump.o" -I../../core1_bsp/psu_cortexa53_1/include -MMD -MP -MF"src/Overlays/stream_ip_bsp/example_jump_table/example_jump.d" -MT"src/Overlays/stream_ip_bsp/example_jump_table/example_jump.o" -o "src/Overlays/stream_ip_bsp/example_jump_table/example_jump.o" "../src/Overlays/stream_ip_bsp/example_jump_table/example_jump.c"
Finished building: ../src/Overlays/stream_ip_bsp/example_jump_table/example_jump.c
 
Building file: ../src/Overlays/stream_ip_bsp/circ_buff_write_many_jump/xcirc_buff_write_many_jump.c
Invoking: ARM v8 g++ compiler
aarch64-none-elf-g++ -Wall -O3 -g3 -c -fmessage-length=0 -MT"src/Overlays/stream_ip_bsp/circ_buff_write_many_jump/xcirc_buff_write_many_jump.o" -I../../core1_bsp/psu_cortexa53_1/include -MMD -MP -MF"src/Overlays/stream_ip_bsp/circ_buff_write_many_jump/xcirc_buff_write_many_jump.d" -MT"src/Overlays/stream_ip_bsp/circ_buff_write_many_jump/xcirc_buff_write_many_jump.o" -o "src/Overlays/stream_ip_bsp/circ_buff_write_many_jump/xcirc_buff_write_many_jump.o" "../src/Overlays/stream_ip_bsp/circ_buff_write_many_jump/xcirc_buff_write_many_jump.c"
Finished building: ../src/Overlays/stream_ip_bsp/circ_buff_write_many_jump/xcirc_buff_write_many_jump.c
 
Building file: ../src/Overlays/stream_ip_bsp/circ_buff_write_many_128_jump/xcirc_buff_write_many_128_jump.c
Invoking: ARM v8 g++ compiler
aarch64-none-elf-g++ -Wall -O3 -g3 -c -fmessage-length=0 -MT"src/Overlays/stream_ip_bsp/circ_buff_write_many_128_jump/xcirc_buff_write_many_128_jump.o" -I../../core1_bsp/psu_cortexa53_1/include -MMD -MP -MF"src/Overlays/stream_ip_bsp/circ_buff_write_many_128_jump/xcirc_buff_write_many_128_jump.d" -MT"src/Overlays/stream_ip_bsp/circ_buff_write_many_128_jump/xcirc_buff_write_many_128_jump.o" -o "src/Overlays/stream_ip_bsp/circ_buff_write_many_128_jump/xcirc_buff_write_many_128_jump.o" "../src/Overlays/stream_ip_bsp/circ_buff_write_many_128_jump/xcirc_buff_write_many_128_jump.c"
Finished building: ../src/Overlays/stream_ip_bsp/circ_buff_write_many_128_jump/xcirc_buff_write_many_128_jump.c
 
Building file: ../src/Overlays/stream_ip_bsp/circ_buff_write_jump/xcirc_buff_write_jump.c
Invoking: ARM v8 g++ compiler
aarch64-none-elf-g++ -Wall -O3 -g3 -c -fmessage-length=0 -MT"src/Overlays/stream_ip_bsp/circ_buff_write_jump/xcirc_buff_write_jump.o" -I../../core1_bsp/psu_cortexa53_1/include -MMD -MP -MF"src/Overlays/stream_ip_bsp/circ_buff_write_jump/xcirc_buff_write_jump.d" -MT"src/Overlays/stream_ip_bsp/circ_buff_write_jump/xcirc_buff_write_jump.o" -o "src/Overlays/stream_ip_bsp/circ_buff_write_jump/xcirc_buff_write_jump.o" "../src/Overlays/stream_ip_bsp/circ_buff_write_jump/xcirc_buff_write_jump.c"
Finished building: ../src/Overlays/stream_ip_bsp/circ_buff_write_jump/xcirc_buff_write_jump.c
 
Building file: ../src/Overlays/stream_ip_bsp/circ_buff_write_128_jump/xcirc_buff_write_128_jump.c
Invoking: ARM v8 g++ compiler
aarch64-none-elf-g++ -Wall -O3 -g3 -c -fmessage-length=0 -MT"src/Overlays/stream_ip_bsp/circ_buff_write_128_jump/xcirc_buff_write_128_jump.o" -I../../core1_bsp/psu_cortexa53_1/include -MMD -MP -MF"src/Overlays/stream_ip_bsp/circ_buff_write_128_jump/xcirc_buff_write_128_jump.d" -MT"src/Overlays/stream_ip_bsp/circ_buff_write_128_jump/xcirc_buff_write_128_jump.o" -o "src/Overlays/stream_ip_bsp/circ_buff_write_128_jump/xcirc_buff_write_128_jump.o" "../src/Overlays/stream_ip_bsp/circ_buff_write_128_jump/xcirc_buff_write_128_jump.c"
../src/Overlays/stream_ip_bsp/circ_buff_write_128_jump/xcirc_buff_write_128_jump.c: In function 'int32_t init_circ_buff_write_128(void*, void*)':
../src/Overlays/stream_ip_bsp/circ_buff_write_128_jump/xcirc_buff_write_128_jump.c:30:14: warning: unused variable 'word_ptr' [-Wunused-variable]
     uint8_t* word_ptr;
              ^~~~~~~~
../src/Overlays/stream_ip_bsp/circ_buff_write_128_jump/xcirc_buff_write_128_jump.c:31:9: warning: unused variable 'bram_buff' [-Wunused-variable]
     u32 bram_buff;
         ^~~~~~~~~
../src/Overlays/stream_ip_bsp/circ_buff_write_128_jump/xcirc_buff_write_128_jump.c: In function 'int32_t set_circ_buff_write_128_ptrs(void*, void*)':
../src/Overlays/stream_ip_bsp/circ_buff_write_128_jump/xcirc_buff_write_128_jump.c:47:1: warning: no return statement in function returning non-void [-Wreturn-type]
 }
 ^
Finished building: ../src/Overlays/stream_ip_bsp/circ_buff_write_128_jump/xcirc_buff_write_128_jump.c
 
Building file: ../src/Overlays/stream_ip_bsp/circ_buff_read_many_jump/xcirc_buff_read_many_jump.c
Invoking: ARM v8 g++ compiler
aarch64-none-elf-g++ -Wall -O3 -g3 -c -fmessage-length=0 -MT"src/Overlays/stream_ip_bsp/circ_buff_read_many_jump/xcirc_buff_read_many_jump.o" -I../../core1_bsp/psu_cortexa53_1/include -MMD -MP -MF"src/Overlays/stream_ip_bsp/circ_buff_read_many_jump/xcirc_buff_read_many_jump.d" -MT"src/Overlays/stream_ip_bsp/circ_buff_read_many_jump/xcirc_buff_read_many_jump.o" -o "src/Overlays/stream_ip_bsp/circ_buff_read_many_jump/xcirc_buff_read_many_jump.o" "../src/Overlays/stream_ip_bsp/circ_buff_read_many_jump/xcirc_buff_read_many_jump.c"
Finished building: ../src/Overlays/stream_ip_bsp/circ_buff_read_many_jump/xcirc_buff_read_many_jump.c
 
Building file: ../src/Overlays/stream_ip_bsp/circ_buff_read_many_128_jump/xcirc_buff_read_many_128_jump.c
Invoking: ARM v8 g++ compiler
aarch64-none-elf-g++ -Wall -O3 -g3 -c -fmessage-length=0 -MT"src/Overlays/stream_ip_bsp/circ_buff_read_many_128_jump/xcirc_buff_read_many_128_jump.o" -I../../core1_bsp/psu_cortexa53_1/include -MMD -MP -MF"src/Overlays/stream_ip_bsp/circ_buff_read_many_128_jump/xcirc_buff_read_many_128_jump.d" -MT"src/Overlays/stream_ip_bsp/circ_buff_read_many_128_jump/xcirc_buff_read_many_128_jump.o" -o "src/Overlays/stream_ip_bsp/circ_buff_read_many_128_jump/xcirc_buff_read_many_128_jump.o" "../src/Overlays/stream_ip_bsp/circ_buff_read_many_128_jump/xcirc_buff_read_many_128_jump.c"
Finished building: ../src/Overlays/stream_ip_bsp/circ_buff_read_many_128_jump/xcirc_buff_read_many_128_jump.c
 
Building file: ../src/Overlays/stream_ip_bsp/circ_buff_read_jump/xcirc_buff_read_jump.c
Invoking: ARM v8 g++ compiler
aarch64-none-elf-g++ -Wall -O3 -g3 -c -fmessage-length=0 -MT"src/Overlays/stream_ip_bsp/circ_buff_read_jump/xcirc_buff_read_jump.o" -I../../core1_bsp/psu_cortexa53_1/include -MMD -MP -MF"src/Overlays/stream_ip_bsp/circ_buff_read_jump/xcirc_buff_read_jump.d" -MT"src/Overlays/stream_ip_bsp/circ_buff_read_jump/xcirc_buff_read_jump.o" -o "src/Overlays/stream_ip_bsp/circ_buff_read_jump/xcirc_buff_read_jump.o" "../src/Overlays/stream_ip_bsp/circ_buff_read_jump/xcirc_buff_read_jump.c"
Finished building: ../src/Overlays/stream_ip_bsp/circ_buff_read_jump/xcirc_buff_read_jump.c
 
Building file: ../src/Overlays/stream_ip_bsp/circ_buff_read_128_jump/xcirc_buff_read_128_jump.c
Invoking: ARM v8 g++ compiler
aarch64-none-elf-g++ -Wall -O3 -g3 -c -fmessage-length=0 -MT"src/Overlays/stream_ip_bsp/circ_buff_read_128_jump/xcirc_buff_read_128_jump.o" -I../../core1_bsp/psu_cortexa53_1/include -MMD -MP -MF"src/Overlays/stream_ip_bsp/circ_buff_read_128_jump/xcirc_buff_read_128_jump.d" -MT"src/Overlays/stream_ip_bsp/circ_buff_read_128_jump/xcirc_buff_read_128_jump.o" -o "src/Overlays/stream_ip_bsp/circ_buff_read_128_jump/xcirc_buff_read_128_jump.o" "../src/Overlays/stream_ip_bsp/circ_buff_read_128_jump/xcirc_buff_read_128_jump.c"
../src/Overlays/stream_ip_bsp/circ_buff_read_128_jump/xcirc_buff_read_128_jump.c: In function 'int32_t set_circ_buff_read_128_ptrs(void*, void*)':
../src/Overlays/stream_ip_bsp/circ_buff_read_128_jump/xcirc_buff_read_128_jump.c:40:1: warning: no return statement in function returning non-void [-Wreturn-type]
 }
 ^
Finished building: ../src/Overlays/stream_ip_bsp/circ_buff_read_128_jump/xcirc_buff_read_128_jump.c
 
Building file: ../src/Overlays/stream_ip_bsp/bert_example_jump/bert_example_jump.c
Invoking: ARM v8 g++ compiler
aarch64-none-elf-g++ -Wall -O3 -g3 -c -fmessage-length=0 -MT"src/Overlays/stream_ip_bsp/bert_example_jump/bert_example_jump.o" -I../../core1_bsp/psu_cortexa53_1/include -MMD -MP -MF"src/Overlays/stream_ip_bsp/bert_example_jump/bert_example_jump.d" -MT"src/Overlays/stream_ip_bsp/bert_example_jump/bert_example_jump.o" -o "src/Overlays/stream_ip_bsp/bert_example_jump/bert_example_jump.o" "../src/Overlays/stream_ip_bsp/bert_example_jump/bert_example_jump.c"
Finished building: ../src/Overlays/stream_ip_bsp/bert_example_jump/bert_example_jump.c
 
Building file: ../src/Overlays/stream_ip_bsp/bsp_jump_table.c
Invoking: ARM v8 g++ compiler
aarch64-none-elf-g++ -Wall -O3 -g3 -c -fmessage-length=0 -MT"src/Overlays/stream_ip_bsp/bsp_jump_table.o" -I../../core1_bsp/psu_cortexa53_1/include -MMD -MP -MF"src/Overlays/stream_ip_bsp/bsp_jump_table.d" -MT"src/Overlays/stream_ip_bsp/bsp_jump_table.o" -o "src/Overlays/stream_ip_bsp/bsp_jump_table.o" "../src/Overlays/stream_ip_bsp/bsp_jump_table.c"
Finished building: ../src/Overlays/stream_ip_bsp/bsp_jump_table.c
 
Building file: ../src/Overlays/benchmark_stream.cc
Invoking: ARM v8 g++ compiler
aarch64-none-elf-g++ -Wall -O3 -g3 -c -fmessage-length=0 -MT"src/Overlays/benchmark_stream.o" -I../../core1_bsp/psu_cortexa53_1/include -MMD -MP -MF"src/Overlays/benchmark_stream.d" -MT"src/Overlays/benchmark_stream.o" -o "src/Overlays/benchmark_stream.o" "../src/Overlays/benchmark_stream.cc"
../src/Overlays/benchmark_stream.cc: In member function 'int pr_flow::benchmark_stream::stream_init(pr_flow::test_t, pr_flow::memory_t)':
../src/Overlays/benchmark_stream.cc:53:41: warning: dereferencing type-punned pointer will break strict-aliasing rules [-Wstrict-aliasing]
     offset = *((u32*)(&this->bench_buff));
                                         ^
../src/Overlays/benchmark_stream.cc: In member function 'void pr_flow::benchmark_stream::get_bert_ptrs()':
../src/Overlays/benchmark_stream.cc:360:34: warning: cast to pointer from integer of different size [-Wint-to-pointer-cast]
  this->bert_in = (uint32_t*)temp.in;
                                  ^~
../src/Overlays/benchmark_stream.cc:361:35: warning: cast to pointer from integer of different size [-Wint-to-pointer-cast]
  this->bert_out = (uint32_t*)temp.out;
                                   ^~~
../src/Overlays/benchmark_stream.cc:360:34: warning: 'temp.bert_buffs::in' is used uninitialized in this function [-Wuninitialized]
  this->bert_in = (uint32_t*)temp.in;
                             ~~~~~^~
../src/Overlays/benchmark_stream.cc:361:35: warning: 'temp.bert_buffs::out' is used uninitialized in this function [-Wuninitialized]
  this->bert_out = (uint32_t*)temp.out;
                              ~~~~~^~~
Finished building: ../src/Overlays/benchmark_stream.cc
 
Building file: ../src/Overlays/mmu.cc
Invoking: ARM v8 g++ compiler
aarch64-none-elf-g++ -Wall -O3 -g3 -c -fmessage-length=0 -MT"src/Overlays/mmu.o" -I../../core1_bsp/psu_cortexa53_1/include -MMD -MP -MF"src/Overlays/mmu.d" -MT"src/Overlays/mmu.o" -o "src/Overlays/mmu.o" "../src/Overlays/mmu.cc"
../src/Overlays/mmu.cc: In function 'void synchronize()':
../src/Overlays/mmu.cc:386:11: warning: comparison between signed and unsigned integer expressions [-Wsign-compare]
   if(*ptr == 0xdeadbeef || ((*ptr % ACTIVE_CORES) == 0) )
      ~~~~~^~~~~~~~~~~~~
../src/Overlays/mmu.cc: At global scope:
../src/Overlays/mmu.cc:180:13: warning: 'void init_ip()' defined but not used [-Wunused-function]
 static void init_ip()
             ^~~~~~~
Finished building: ../src/Overlays/mmu.cc
 
Building file: ../src/Overlays/stream.cc
Invoking: ARM v8 g++ compiler
aarch64-none-elf-g++ -Wall -O3 -g3 -c -fmessage-length=0 -MT"src/Overlays/stream.o" -I../../core1_bsp/psu_cortexa53_1/include -MMD -MP -MF"src/Overlays/stream.d" -MT"src/Overlays/stream.o" -o "src/Overlays/stream.o" "../src/Overlays/stream.cc"
../src/Overlays/stream.cc: In constructor 'pr_flow::stream::stream(pr_flow::stream_id_t, pr_flow::direction_t, pr_flow::width_t, pr_flow::axi_port_t, pr_flow::memory_t)':
../src/Overlays/stream.cc:128:38: warning: dereferencing type-punned pointer will break strict-aliasing rules [-Wstrict-aliasing]
   offset = *((uint32_t*)(&this->buff));
                                      ^
../src/Overlays/stream.cc: In member function 'void pr_flow::stream::write(pr_flow::wide_t)':
../src/Overlays/stream.cc:177:10: warning: unused variable 'debug_counter' [-Wunused-variable]
  uint8_t debug_counter = 0;
          ^~~~~~~~~~~~~
../src/Overlays/stream.cc: In member function 'void pr_flow::stream::read(pr_flow::wide_t*)':
../src/Overlays/stream.cc:236:10: warning: unused variable 'debug_counter' [-Wunused-variable]
  uint8_t debug_counter=0;
          ^~~~~~~~~~~~~
Finished building: ../src/Overlays/stream.cc
 
Building file: ../src/kernel1.cc
Invoking: ARM v8 g++ compiler
aarch64-none-elf-g++ -Wall -O3 -g3 -c -fmessage-length=0 -MT"src/kernel1.o" -I../../core1_bsp/psu_cortexa53_1/include -MMD -MP -MF"src/kernel1.d" -MT"src/kernel1.o" -o "src/kernel1.o" "../src/kernel1.cc"
In file included from ../src/kernel1.cc:12:0:
../../core1_bsp/psu_cortexa53_1/include/xtime_l.h:85:70: note: #pragma message: For the sleep routines, Global timer is being used
 #pragma message ("For the sleep routines, Global timer is being used")
                                                                      ^
../src/kernel1.cc: In function 'void kernel_pl_sw(pr_flow::memory_t)':
../src/kernel1.cc:66:11: warning: variable 'data' set but not used [-Wunused-but-set-variable]
  uint64_t data;
           ^~~~
../src/kernel1.cc: In function 'void kernel_pl_hw(pr_flow::memory_t)':
../src/kernel1.cc:109:11: warning: variable 'data' set but not used [-Wunused-but-set-variable]
  uint64_t data;
           ^~~~
../src/kernel1.cc: In function 'int kernel_4_ip_hw(pr_flow::memory_t)':
../src/kernel1.cc:164:11: warning: unused variable 'expected' [-Wunused-variable]
  uint64_t expected = 0;
           ^~~~~~~~
../src/kernel1.cc:165:11: warning: variable 'data' set but not used [-Wunused-but-set-variable]
  uint64_t data = 0;
           ^~~~
../src/kernel1.cc:166:18: warning: unused variable 'data1' [-Wunused-variable]
  pr_flow::wide_t data1;
                  ^~~~~
Finished building: ../src/kernel1.cc
 
Building file: ../src/main.cc
Invoking: ARM v8 g++ compiler
aarch64-none-elf-g++ -Wall -O3 -g3 -c -fmessage-length=0 -MT"src/main.o" -I../../core1_bsp/psu_cortexa53_1/include -MMD -MP -MF"src/main.d" -MT"src/main.o" -o "src/main.o" "../src/main.cc"
In file included from ../src/main.cc:53:0:
../../core1_bsp/psu_cortexa53_1/include/xtime_l.h:85:70: note: #pragma message: For the sleep routines, Global timer is being used
 #pragma message ("For the sleep routines, Global timer is being used")
                                                                      ^
Finished building: ../src/main.cc
 
Building target: core1.elf
Invoking: ARM v8 g++ linker
aarch64-none-elf-g++ -Wl,-T -Wl,../src/lscript.ld -L../../core1_bsp/psu_cortexa53_1/lib -o "core1.elf"  ./src/Overlays/stream_ip_bsp/write_only_64_jump/xwrite_only_64_jump.o  ./src/Overlays/stream_ip_bsp/write_only_32_jump/xwrite_only_32_jump.o  ./src/Overlays/stream_ip_bsp/write_only_128_jump/xwrite_only_128_jump.o  ./src/Overlays/stream_ip_bsp/write_only_128_burst_jump/xwrite_only_128_burst_jump.o  ./src/Overlays/stream_ip_bsp/read_only_64_jump/xread_only_64_jump.o  ./src/Overlays/stream_ip_bsp/read_only_32_jump/xread_only_32_jump.o  ./src/Overlays/stream_ip_bsp/read_only_128_jump/xread_only_128_jump.o  ./src/Overlays/stream_ip_bsp/read_only_128_burst_jump/xread_only_128_burst_jump.o  ./src/Overlays/stream_ip_bsp/presence_write_jump/xpresence_write_jump.o  ./src/Overlays/stream_ip_bsp/presence_read_jump/xpresence_read_jump.o  ./src/Overlays/stream_ip_bsp/loop_back_64_write_jump/xloop_back_64_write_jump.o  ./src/Overlays/stream_ip_bsp/loop_back_64_read_jump/xloop_back_64_read_jump.o  ./src/Overlays/stream_ip_bsp/loop_back_32_write_jump/xloop_back_32_write_jump.o  ./src/Overlays/stream_ip_bsp/loop_back_32_read_jump/xloop_back_32_read_jump.o  ./src/Overlays/stream_ip_bsp/loop_back_128_write_jump/xloop_back_128_write_jump.o  ./src/Overlays/stream_ip_bsp/loop_back_128_write_axi_lite_jump/xloop_back_128_write_axi_lite_jump.o  ./src/Overlays/stream_ip_bsp/loop_back_128_read_jump/xloop_back_128_read_jump.o  ./src/Overlays/stream_ip_bsp/loop_back_128_read_axi_lite_jump/xloop_back_128_read_axi_lite_jump.o  ./src/Overlays/stream_ip_bsp/example_jump_table/example_jump.o  ./src/Overlays/stream_ip_bsp/circ_buff_write_many_jump/xcirc_buff_write_many_jump.o  ./src/Overlays/stream_ip_bsp/circ_buff_write_many_128_jump/xcirc_buff_write_many_128_jump.o  ./src/Overlays/stream_ip_bsp/circ_buff_write_jump/xcirc_buff_write_jump.o  ./src/Overlays/stream_ip_bsp/circ_buff_write_128_jump/xcirc_buff_write_128_jump.o  ./src/Overlays/stream_ip_bsp/circ_buff_read_many_jump/xcirc_buff_read_many_jump.o  ./src/Overlays/stream_ip_bsp/circ_buff_read_many_128_jump/xcirc_buff_read_many_128_jump.o  ./src/Overlays/stream_ip_bsp/circ_buff_read_jump/xcirc_buff_read_jump.o  ./src/Overlays/stream_ip_bsp/circ_buff_read_128_jump/xcirc_buff_read_128_jump.o  ./src/Overlays/stream_ip_bsp/bert_example_jump/bert_example_jump.o  ./src/Overlays/stream_ip_bsp/bsp_jump_table.o  ./src/Overlays/benchmark_stream.o ./src/Overlays/mmu.o ./src/Overlays/stream.o  ./src/kernel1.o ./src/main.o   -Wl,--start-group,-lxil,-lgcc,-lc,-lstdc++,--end-group
Finished building target: core1.elf
 
Invoking: ARM v8 Print Size
aarch64-none-elf-size core1.elf  |tee "core1.elf.size"
   text	   data	    bss	    dec	    hex	filename
 192015	   4856	 270148	 467019	  7204b	core1.elf
Finished building: core1.elf.size
 
22:02:59 **** Incremental Build of configuration Debug for project core3 ****
make all 
make: Nothing to be done for 'all'.
22:03:01 **** Incremental Build of configuration Debug for project core2 ****
make all 
make: Nothing to be done for 'all'.
22:03:02 **** Incremental Build of configuration Debug for project core1 ****
make all 
Building file: ../src/kernel1.cc
Invoking: ARM v8 g++ compiler
aarch64-none-elf-g++ -Wall -O3 -g3 -c -fmessage-length=0 -MT"src/kernel1.o" -I../../core1_bsp/psu_cortexa53_1/include -MMD -MP -MF"src/kernel1.d" -MT"src/kernel1.o" -o "src/kernel1.o" "../src/kernel1.cc"
In file included from ../src/kernel1.cc:12:0:
../../core1_bsp/psu_cortexa53_1/include/xtime_l.h:85:70: note: #pragma message: For the sleep routines, Global timer is being used
 #pragma message ("For the sleep routines, Global timer is being used")
                                                                      ^
../src/kernel1.cc: In function 'void kernel_pl_sw(pr_flow::memory_t)':
../src/kernel1.cc:66:11: warning: variable 'data' set but not used [-Wunused-but-set-variable]
  uint64_t data;
           ^~~~
../src/kernel1.cc: In function 'void kernel_pl_hw(pr_flow::memory_t)':
../src/kernel1.cc:109:11: warning: variable 'data' set but not used [-Wunused-but-set-variable]
  uint64_t data;
           ^~~~
../src/kernel1.cc: In function 'int kernel_4_ip_hw(pr_flow::memory_t)':
../src/kernel1.cc:164:11: warning: unused variable 'expected' [-Wunused-variable]
  uint64_t expected = 0;
           ^~~~~~~~
../src/kernel1.cc:165:11: warning: variable 'data' set but not used [-Wunused-but-set-variable]
  uint64_t data = 0;
           ^~~~
../src/kernel1.cc:166:18: warning: unused variable 'data1' [-Wunused-variable]
  pr_flow::wide_t data1;
                  ^~~~~
Finished building: ../src/kernel1.cc
 
Building target: core1.elf
Invoking: ARM v8 g++ linker
aarch64-none-elf-g++ -Wl,-T -Wl,../src/lscript.ld -L../../core1_bsp/psu_cortexa53_1/lib -o "core1.elf"  ./src/Overlays/stream_ip_bsp/write_only_64_jump/xwrite_only_64_jump.o  ./src/Overlays/stream_ip_bsp/write_only_32_jump/xwrite_only_32_jump.o  ./src/Overlays/stream_ip_bsp/write_only_128_jump/xwrite_only_128_jump.o  ./src/Overlays/stream_ip_bsp/write_only_128_burst_jump/xwrite_only_128_burst_jump.o  ./src/Overlays/stream_ip_bsp/read_only_64_jump/xread_only_64_jump.o  ./src/Overlays/stream_ip_bsp/read_only_32_jump/xread_only_32_jump.o  ./src/Overlays/stream_ip_bsp/read_only_128_jump/xread_only_128_jump.o  ./src/Overlays/stream_ip_bsp/read_only_128_burst_jump/xread_only_128_burst_jump.o  ./src/Overlays/stream_ip_bsp/presence_write_jump/xpresence_write_jump.o  ./src/Overlays/stream_ip_bsp/presence_read_jump/xpresence_read_jump.o  ./src/Overlays/stream_ip_bsp/loop_back_64_write_jump/xloop_back_64_write_jump.o  ./src/Overlays/stream_ip_bsp/loop_back_64_read_jump/xloop_back_64_read_jump.o  ./src/Overlays/stream_ip_bsp/loop_back_32_write_jump/xloop_back_32_write_jump.o  ./src/Overlays/stream_ip_bsp/loop_back_32_read_jump/xloop_back_32_read_jump.o  ./src/Overlays/stream_ip_bsp/loop_back_128_write_jump/xloop_back_128_write_jump.o  ./src/Overlays/stream_ip_bsp/loop_back_128_write_axi_lite_jump/xloop_back_128_write_axi_lite_jump.o  ./src/Overlays/stream_ip_bsp/loop_back_128_read_jump/xloop_back_128_read_jump.o  ./src/Overlays/stream_ip_bsp/loop_back_128_read_axi_lite_jump/xloop_back_128_read_axi_lite_jump.o  ./src/Overlays/stream_ip_bsp/example_jump_table/example_jump.o  ./src/Overlays/stream_ip_bsp/circ_buff_write_many_jump/xcirc_buff_write_many_jump.o  ./src/Overlays/stream_ip_bsp/circ_buff_write_many_128_jump/xcirc_buff_write_many_128_jump.o  ./src/Overlays/stream_ip_bsp/circ_buff_write_jump/xcirc_buff_write_jump.o  ./src/Overlays/stream_ip_bsp/circ_buff_write_128_jump/xcirc_buff_write_128_jump.o  ./src/Overlays/stream_ip_bsp/circ_buff_read_many_jump/xcirc_buff_read_many_jump.o  ./src/Overlays/stream_ip_bsp/circ_buff_read_many_128_jump/xcirc_buff_read_many_128_jump.o  ./src/Overlays/stream_ip_bsp/circ_buff_read_jump/xcirc_buff_read_jump.o  ./src/Overlays/stream_ip_bsp/circ_buff_read_128_jump/xcirc_buff_read_128_jump.o  ./src/Overlays/stream_ip_bsp/bert_example_jump/bert_example_jump.o  ./src/Overlays/stream_ip_bsp/bsp_jump_table.o  ./src/Overlays/benchmark_stream.o ./src/Overlays/mmu.o ./src/Overlays/stream.o  ./src/kernel1.o ./src/main.o   -Wl,--start-group,-lxil,-lgcc,-lc,-lstdc++,--end-group
Finished building target: core1.elf
 
Invoking: ARM v8 Print Size
aarch64-none-elf-size core1.elf  |tee "core1.elf.size"
   text	   data	    bss	    dec	    hex	filename
 192024	   4856	 270140	 467020	  7204c	core1.elf
Finished building: core1.elf.size
 
22:03:04 **** Incremental Build of configuration Debug for project core0 ****
make all 
Building file: ../src/kernel0.cc
Invoking: ARM v8 g++ compiler
aarch64-none-elf-g++ -Wall -O3 -g3 -c -fmessage-length=0 -MT"src/kernel0.o" -I../../core0_bsp/psu_cortexa53_0/include -MMD -MP -MF"src/kernel0.d" -MT"src/kernel0.o" -o "src/kernel0.o" "../src/kernel0.cc"
In file included from ../src/kernel0.cc:10:0:
../../core0_bsp/psu_cortexa53_0/include/xtime_l.h:85:70: note: #pragma message: For the sleep routines, Global timer is being used
 #pragma message ("For the sleep routines, Global timer is being used")
                                                                      ^
../src/kernel0.cc: In function 'int kernel_pl_mix(pr_flow::memory_t)':
../src/kernel0.cc:41:116: warning: format '%d' expects argument of type 'int', but argument 3 has type 'uint64_t {aka long unsigned int}' [-Wformat=]
   printf("SW: %d (core0->core1) * 2 (core1->core2) * 2 (core2->core3) -2 (core3->core0) = %d\n", i, receive_data[i]);
                                                                                                     ~~~~~~~~~~~~~~~^
../src/kernel0.cc:51:139: warning: format '%d' expects argument of type 'int', but argument 3 has type 'uint64_t {aka long unsigned int}' [-Wformat=]
   printf("HW: %d (core0->core1) * 2 (core1->core2) * 2 (core2->core3) -2 (core3->Fabrics) +10 (Fabrics->core0) = %d\n", i, receive_data[i]);
                                                                                                                            ~~~~~~~~~~~~~~~^
../src/kernel0.cc: In function 'int kernel_4_ip_hw(pr_flow::memory_t)':
../src/kernel0.cc:144:8: warning: unused variable 'timer_end' [-Wunused-variable]
  XTime timer_end;
        ^~~~~~~~~
../src/kernel0.cc:161:11: warning: unused variable 'expected' [-Wunused-variable]
  uint64_t expected = 0;
           ^~~~~~~~
../src/kernel0.cc:162:11: warning: unused variable 'data' [-Wunused-variable]
  uint64_t data = 0;
           ^~~~
../src/kernel0.cc:163:18: warning: unused variable 'data1' [-Wunused-variable]
  pr_flow::wide_t data1;
                  ^~~~~
Finished building: ../src/kernel0.cc
 
Building target: core0.elf
Invoking: ARM v8 g++ linker
aarch64-none-elf-g++ -Wl,-T -Wl,../src/lscript.ld -L../../core0_bsp/psu_cortexa53_0/lib -o "core0.elf"  ./src/Overlays/stream_ip_bsp/write_only_64_jump/xwrite_only_64_jump.o  ./src/Overlays/stream_ip_bsp/write_only_32_jump/xwrite_only_32_jump.o  ./src/Overlays/stream_ip_bsp/write_only_128_jump/xwrite_only_128_jump.o  ./src/Overlays/stream_ip_bsp/write_only_128_burst_jump/xwrite_only_128_burst_jump.o  ./src/Overlays/stream_ip_bsp/read_only_64_jump/xread_only_64_jump.o  ./src/Overlays/stream_ip_bsp/read_only_32_jump/xread_only_32_jump.o  ./src/Overlays/stream_ip_bsp/read_only_128_jump/xread_only_128_jump.o  ./src/Overlays/stream_ip_bsp/read_only_128_burst_jump/xread_only_128_burst_jump.o  ./src/Overlays/stream_ip_bsp/presence_write_jump/xpresence_write_jump.o  ./src/Overlays/stream_ip_bsp/presence_read_jump/xpresence_read_jump.o  ./src/Overlays/stream_ip_bsp/loop_back_64_write_jump/xloop_back_64_write_jump.o  ./src/Overlays/stream_ip_bsp/loop_back_64_read_jump/xloop_back_64_read_jump.o  ./src/Overlays/stream_ip_bsp/loop_back_32_write_jump/xloop_back_32_write_jump.o  ./src/Overlays/stream_ip_bsp/loop_back_32_read_jump/xloop_back_32_read_jump.o  ./src/Overlays/stream_ip_bsp/loop_back_128_write_jump/xloop_back_128_write_jump.o  ./src/Overlays/stream_ip_bsp/loop_back_128_write_axi_lite_jump/xloop_back_128_write_axi_lite_jump.o  ./src/Overlays/stream_ip_bsp/loop_back_128_read_jump/xloop_back_128_read_jump.o  ./src/Overlays/stream_ip_bsp/loop_back_128_read_axi_lite_jump/xloop_back_128_read_axi_lite_jump.o  ./src/Overlays/stream_ip_bsp/example_jump_table/example_jump.o  ./src/Overlays/stream_ip_bsp/circ_buff_write_many_jump/xcirc_buff_write_many_jump.o  ./src/Overlays/stream_ip_bsp/circ_buff_write_many_128_jump/xcirc_buff_write_many_128_jump.o  ./src/Overlays/stream_ip_bsp/circ_buff_write_jump/xcirc_buff_write_jump.o  ./src/Overlays/stream_ip_bsp/circ_buff_write_128_jump/xcirc_buff_write_128_jump.o  ./src/Overlays/stream_ip_bsp/circ_buff_read_many_jump/xcirc_buff_read_many_jump.o  ./src/Overlays/stream_ip_bsp/circ_buff_read_many_128_jump/xcirc_buff_read_many_128_jump.o  ./src/Overlays/stream_ip_bsp/circ_buff_read_jump/xcirc_buff_read_jump.o  ./src/Overlays/stream_ip_bsp/circ_buff_read_128_jump/xcirc_buff_read_128_jump.o  ./src/Overlays/stream_ip_bsp/bert_example_jump/bert_example_jump.o  ./src/Overlays/stream_ip_bsp/bsp_jump_table.o  ./src/Overlays/benchmark_stream.o ./src/Overlays/mmu.o ./src/Overlays/stream.o  ./src/kernel0.o ./src/main.o   -Wl,--start-group,-lxil,-lgcc,-lc,-lstdc++,--end-group
Finished building target: core0.elf
 
Invoking: ARM v8 Print Size
aarch64-none-elf-size core0.elf  |tee "core0.elf.size"
   text	   data	    bss	    dec	    hex	filename
 192541	   4856	 496100	 693497	  a94f9	core0.elf
Finished building: core0.elf.size
 
22:03:29 **** Incremental Build of configuration Debug for project core3 ****
make all 
make: Nothing to be done for 'all'.
22:03:30 **** Incremental Build of configuration Debug for project core2 ****
make all 
make: Nothing to be done for 'all'.
22:03:32 **** Incremental Build of configuration Debug for project core1 ****
make all 
make: Nothing to be done for 'all'.
22:03:33 **** Incremental Build of configuration Debug for project core0 ****
make all 
make: Nothing to be done for 'all'.
22:04:15 **** Incremental Build of configuration Debug for project core3 ****
make all 
make: Nothing to be done for 'all'.
22:04:16 **** Incremental Build of configuration Debug for project core2 ****
make all 
make: Nothing to be done for 'all'.
22:04:18 **** Incremental Build of configuration Debug for project core1 ****
make all 
Building file: ../src/kernel1.cc
Invoking: ARM v8 g++ compiler
aarch64-none-elf-g++ -Wall -O3 -g3 -c -fmessage-length=0 -MT"src/kernel1.o" -I../../core1_bsp/psu_cortexa53_1/include -MMD -MP -MF"src/kernel1.d" -MT"src/kernel1.o" -o "src/kernel1.o" "../src/kernel1.cc"
In file included from ../src/kernel1.cc:12:0:
../../core1_bsp/psu_cortexa53_1/include/xtime_l.h:85:70: note: #pragma message: For the sleep routines, Global timer is being used
 #pragma message ("For the sleep routines, Global timer is being used")
                                                                      ^
../src/kernel1.cc: In function 'void kernel_pl_sw(pr_flow::memory_t)':
../src/kernel1.cc:66:11: warning: variable 'data' set but not used [-Wunused-but-set-variable]
  uint64_t data;
           ^~~~
../src/kernel1.cc: In function 'void kernel_pl_hw(pr_flow::memory_t)':
../src/kernel1.cc:109:11: warning: variable 'data' set but not used [-Wunused-but-set-variable]
  uint64_t data;
           ^~~~
../src/kernel1.cc: In function 'int kernel_4_ip_hw(pr_flow::memory_t)':
../src/kernel1.cc:164:11: warning: unused variable 'expected' [-Wunused-variable]
  uint64_t expected = 0;
           ^~~~~~~~
../src/kernel1.cc:165:11: warning: variable 'data' set but not used [-Wunused-but-set-variable]
  uint64_t data = 0;
           ^~~~
../src/kernel1.cc:166:18: warning: unused variable 'data1' [-Wunused-variable]
  pr_flow::wide_t data1;
                  ^~~~~
Finished building: ../src/kernel1.cc
 
Building target: core1.elf
Invoking: ARM v8 g++ linker
aarch64-none-elf-g++ -Wl,-T -Wl,../src/lscript.ld -L../../core1_bsp/psu_cortexa53_1/lib -o "core1.elf"  ./src/Overlays/stream_ip_bsp/write_only_64_jump/xwrite_only_64_jump.o  ./src/Overlays/stream_ip_bsp/write_only_32_jump/xwrite_only_32_jump.o  ./src/Overlays/stream_ip_bsp/write_only_128_jump/xwrite_only_128_jump.o  ./src/Overlays/stream_ip_bsp/write_only_128_burst_jump/xwrite_only_128_burst_jump.o  ./src/Overlays/stream_ip_bsp/read_only_64_jump/xread_only_64_jump.o  ./src/Overlays/stream_ip_bsp/read_only_32_jump/xread_only_32_jump.o  ./src/Overlays/stream_ip_bsp/read_only_128_jump/xread_only_128_jump.o  ./src/Overlays/stream_ip_bsp/read_only_128_burst_jump/xread_only_128_burst_jump.o  ./src/Overlays/stream_ip_bsp/presence_write_jump/xpresence_write_jump.o  ./src/Overlays/stream_ip_bsp/presence_read_jump/xpresence_read_jump.o  ./src/Overlays/stream_ip_bsp/loop_back_64_write_jump/xloop_back_64_write_jump.o  ./src/Overlays/stream_ip_bsp/loop_back_64_read_jump/xloop_back_64_read_jump.o  ./src/Overlays/stream_ip_bsp/loop_back_32_write_jump/xloop_back_32_write_jump.o  ./src/Overlays/stream_ip_bsp/loop_back_32_read_jump/xloop_back_32_read_jump.o  ./src/Overlays/stream_ip_bsp/loop_back_128_write_jump/xloop_back_128_write_jump.o  ./src/Overlays/stream_ip_bsp/loop_back_128_write_axi_lite_jump/xloop_back_128_write_axi_lite_jump.o  ./src/Overlays/stream_ip_bsp/loop_back_128_read_jump/xloop_back_128_read_jump.o  ./src/Overlays/stream_ip_bsp/loop_back_128_read_axi_lite_jump/xloop_back_128_read_axi_lite_jump.o  ./src/Overlays/stream_ip_bsp/example_jump_table/example_jump.o  ./src/Overlays/stream_ip_bsp/circ_buff_write_many_jump/xcirc_buff_write_many_jump.o  ./src/Overlays/stream_ip_bsp/circ_buff_write_many_128_jump/xcirc_buff_write_many_128_jump.o  ./src/Overlays/stream_ip_bsp/circ_buff_write_jump/xcirc_buff_write_jump.o  ./src/Overlays/stream_ip_bsp/circ_buff_write_128_jump/xcirc_buff_write_128_jump.o  ./src/Overlays/stream_ip_bsp/circ_buff_read_many_jump/xcirc_buff_read_many_jump.o  ./src/Overlays/stream_ip_bsp/circ_buff_read_many_128_jump/xcirc_buff_read_many_128_jump.o  ./src/Overlays/stream_ip_bsp/circ_buff_read_jump/xcirc_buff_read_jump.o  ./src/Overlays/stream_ip_bsp/circ_buff_read_128_jump/xcirc_buff_read_128_jump.o  ./src/Overlays/stream_ip_bsp/bert_example_jump/bert_example_jump.o  ./src/Overlays/stream_ip_bsp/bsp_jump_table.o  ./src/Overlays/benchmark_stream.o ./src/Overlays/mmu.o ./src/Overlays/stream.o  ./src/kernel1.o ./src/main.o   -Wl,--start-group,-lxil,-lgcc,-lc,-lstdc++,--end-group
Finished building target: core1.elf
 
Invoking: ARM v8 Print Size
aarch64-none-elf-size core1.elf  |tee "core1.elf.size"
   text	   data	    bss	    dec	    hex	filename
 192024	   4856	 270140	 467020	  7204c	core1.elf
Finished building: core1.elf.size
 
22:04:20 **** Incremental Build of configuration Debug for project core0 ****
make all 
Building file: ../src/kernel0.cc
Invoking: ARM v8 g++ compiler
aarch64-none-elf-g++ -Wall -O3 -g3 -c -fmessage-length=0 -MT"src/kernel0.o" -I../../core0_bsp/psu_cortexa53_0/include -MMD -MP -MF"src/kernel0.d" -MT"src/kernel0.o" -o "src/kernel0.o" "../src/kernel0.cc"
In file included from ../src/kernel0.cc:10:0:
../../core0_bsp/psu_cortexa53_0/include/xtime_l.h:85:70: note: #pragma message: For the sleep routines, Global timer is being used
 #pragma message ("For the sleep routines, Global timer is being used")
                                                                      ^
../src/kernel0.cc: In function 'int kernel_pl_mix(pr_flow::memory_t)':
../src/kernel0.cc:41:116: warning: format '%d' expects argument of type 'int', but argument 3 has type 'uint64_t {aka long unsigned int}' [-Wformat=]
   printf("SW: %d (core0->core1) * 2 (core1->core2) * 2 (core2->core3) -2 (core3->core0) = %d\n", i, receive_data[i]);
                                                                                                     ~~~~~~~~~~~~~~~^
../src/kernel0.cc:51:139: warning: format '%d' expects argument of type 'int', but argument 3 has type 'uint64_t {aka long unsigned int}' [-Wformat=]
   printf("HW: %d (core0->core1) * 2 (core1->core2) * 2 (core2->core3) -2 (core3->Fabrics) +10 (Fabrics->core0) = %d\n", i, receive_data[i]);
                                                                                                                            ~~~~~~~~~~~~~~~^
../src/kernel0.cc: In function 'int kernel_4_ip_hw(pr_flow::memory_t)':
../src/kernel0.cc:144:8: warning: unused variable 'timer_end' [-Wunused-variable]
  XTime timer_end;
        ^~~~~~~~~
../src/kernel0.cc:161:11: warning: unused variable 'expected' [-Wunused-variable]
  uint64_t expected = 0;
           ^~~~~~~~
../src/kernel0.cc:162:11: warning: unused variable 'data' [-Wunused-variable]
  uint64_t data = 0;
           ^~~~
../src/kernel0.cc:163:18: warning: unused variable 'data1' [-Wunused-variable]
  pr_flow::wide_t data1;
                  ^~~~~
Finished building: ../src/kernel0.cc
 
Building target: core0.elf
Invoking: ARM v8 g++ linker
aarch64-none-elf-g++ -Wl,-T -Wl,../src/lscript.ld -L../../core0_bsp/psu_cortexa53_0/lib -o "core0.elf"  ./src/Overlays/stream_ip_bsp/write_only_64_jump/xwrite_only_64_jump.o  ./src/Overlays/stream_ip_bsp/write_only_32_jump/xwrite_only_32_jump.o  ./src/Overlays/stream_ip_bsp/write_only_128_jump/xwrite_only_128_jump.o  ./src/Overlays/stream_ip_bsp/write_only_128_burst_jump/xwrite_only_128_burst_jump.o  ./src/Overlays/stream_ip_bsp/read_only_64_jump/xread_only_64_jump.o  ./src/Overlays/stream_ip_bsp/read_only_32_jump/xread_only_32_jump.o  ./src/Overlays/stream_ip_bsp/read_only_128_jump/xread_only_128_jump.o  ./src/Overlays/stream_ip_bsp/read_only_128_burst_jump/xread_only_128_burst_jump.o  ./src/Overlays/stream_ip_bsp/presence_write_jump/xpresence_write_jump.o  ./src/Overlays/stream_ip_bsp/presence_read_jump/xpresence_read_jump.o  ./src/Overlays/stream_ip_bsp/loop_back_64_write_jump/xloop_back_64_write_jump.o  ./src/Overlays/stream_ip_bsp/loop_back_64_read_jump/xloop_back_64_read_jump.o  ./src/Overlays/stream_ip_bsp/loop_back_32_write_jump/xloop_back_32_write_jump.o  ./src/Overlays/stream_ip_bsp/loop_back_32_read_jump/xloop_back_32_read_jump.o  ./src/Overlays/stream_ip_bsp/loop_back_128_write_jump/xloop_back_128_write_jump.o  ./src/Overlays/stream_ip_bsp/loop_back_128_write_axi_lite_jump/xloop_back_128_write_axi_lite_jump.o  ./src/Overlays/stream_ip_bsp/loop_back_128_read_jump/xloop_back_128_read_jump.o  ./src/Overlays/stream_ip_bsp/loop_back_128_read_axi_lite_jump/xloop_back_128_read_axi_lite_jump.o  ./src/Overlays/stream_ip_bsp/example_jump_table/example_jump.o  ./src/Overlays/stream_ip_bsp/circ_buff_write_many_jump/xcirc_buff_write_many_jump.o  ./src/Overlays/stream_ip_bsp/circ_buff_write_many_128_jump/xcirc_buff_write_many_128_jump.o  ./src/Overlays/stream_ip_bsp/circ_buff_write_jump/xcirc_buff_write_jump.o  ./src/Overlays/stream_ip_bsp/circ_buff_write_128_jump/xcirc_buff_write_128_jump.o  ./src/Overlays/stream_ip_bsp/circ_buff_read_many_jump/xcirc_buff_read_many_jump.o  ./src/Overlays/stream_ip_bsp/circ_buff_read_many_128_jump/xcirc_buff_read_many_128_jump.o  ./src/Overlays/stream_ip_bsp/circ_buff_read_jump/xcirc_buff_read_jump.o  ./src/Overlays/stream_ip_bsp/circ_buff_read_128_jump/xcirc_buff_read_128_jump.o  ./src/Overlays/stream_ip_bsp/bert_example_jump/bert_example_jump.o  ./src/Overlays/stream_ip_bsp/bsp_jump_table.o  ./src/Overlays/benchmark_stream.o ./src/Overlays/mmu.o ./src/Overlays/stream.o  ./src/kernel0.o ./src/main.o   -Wl,--start-group,-lxil,-lgcc,-lc,-lstdc++,--end-group
Finished building target: core0.elf
 
Invoking: ARM v8 Print Size
aarch64-none-elf-size core0.elf  |tee "core0.elf.size"
   text	   data	    bss	    dec	    hex	filename
 192541	   4856	 500196	 697593	  aa4f9	core0.elf
Finished building: core0.elf.size
 
22:04:36 **** Incremental Build of configuration Debug for project core3 ****
make all 
make: Nothing to be done for 'all'.
22:04:37 **** Incremental Build of configuration Debug for project core2 ****
make all 
make: Nothing to be done for 'all'.
22:04:38 **** Incremental Build of configuration Debug for project core1 ****
make all 
make: Nothing to be done for 'all'.
22:04:40 **** Incremental Build of configuration Debug for project core0 ****
make all 
make: Nothing to be done for 'all'.
22:05:19 **** Incremental Build of configuration Debug for project core3 ****
make all 
make: Nothing to be done for 'all'.
22:05:20 **** Incremental Build of configuration Debug for project core2 ****
make all 
make: Nothing to be done for 'all'.
22:05:22 **** Incremental Build of configuration Debug for project core1 ****
make all 
Building file: ../src/kernel1.cc
Invoking: ARM v8 g++ compiler
aarch64-none-elf-g++ -Wall -O3 -g3 -c -fmessage-length=0 -MT"src/kernel1.o" -I../../core1_bsp/psu_cortexa53_1/include -MMD -MP -MF"src/kernel1.d" -MT"src/kernel1.o" -o "src/kernel1.o" "../src/kernel1.cc"
In file included from ../src/kernel1.cc:12:0:
../../core1_bsp/psu_cortexa53_1/include/xtime_l.h:85:70: note: #pragma message: For the sleep routines, Global timer is being used
 #pragma message ("For the sleep routines, Global timer is being used")
                                                                      ^
../src/kernel1.cc: In function 'void kernel_pl_sw(pr_flow::memory_t)':
../src/kernel1.cc:66:11: warning: variable 'data' set but not used [-Wunused-but-set-variable]
  uint64_t data;
           ^~~~
../src/kernel1.cc: In function 'void kernel_pl_hw(pr_flow::memory_t)':
../src/kernel1.cc:109:11: warning: variable 'data' set but not used [-Wunused-but-set-variable]
  uint64_t data;
           ^~~~
../src/kernel1.cc: In function 'int kernel_4_ip_hw(pr_flow::memory_t)':
../src/kernel1.cc:164:11: warning: unused variable 'expected' [-Wunused-variable]
  uint64_t expected = 0;
           ^~~~~~~~
../src/kernel1.cc:165:11: warning: variable 'data' set but not used [-Wunused-but-set-variable]
  uint64_t data = 0;
           ^~~~
../src/kernel1.cc:166:18: warning: unused variable 'data1' [-Wunused-variable]
  pr_flow::wide_t data1;
                  ^~~~~
Finished building: ../src/kernel1.cc
 
Building target: core1.elf
Invoking: ARM v8 g++ linker
aarch64-none-elf-g++ -Wl,-T -Wl,../src/lscript.ld -L../../core1_bsp/psu_cortexa53_1/lib -o "core1.elf"  ./src/Overlays/stream_ip_bsp/write_only_64_jump/xwrite_only_64_jump.o  ./src/Overlays/stream_ip_bsp/write_only_32_jump/xwrite_only_32_jump.o  ./src/Overlays/stream_ip_bsp/write_only_128_jump/xwrite_only_128_jump.o  ./src/Overlays/stream_ip_bsp/write_only_128_burst_jump/xwrite_only_128_burst_jump.o  ./src/Overlays/stream_ip_bsp/read_only_64_jump/xread_only_64_jump.o  ./src/Overlays/stream_ip_bsp/read_only_32_jump/xread_only_32_jump.o  ./src/Overlays/stream_ip_bsp/read_only_128_jump/xread_only_128_jump.o  ./src/Overlays/stream_ip_bsp/read_only_128_burst_jump/xread_only_128_burst_jump.o  ./src/Overlays/stream_ip_bsp/presence_write_jump/xpresence_write_jump.o  ./src/Overlays/stream_ip_bsp/presence_read_jump/xpresence_read_jump.o  ./src/Overlays/stream_ip_bsp/loop_back_64_write_jump/xloop_back_64_write_jump.o  ./src/Overlays/stream_ip_bsp/loop_back_64_read_jump/xloop_back_64_read_jump.o  ./src/Overlays/stream_ip_bsp/loop_back_32_write_jump/xloop_back_32_write_jump.o  ./src/Overlays/stream_ip_bsp/loop_back_32_read_jump/xloop_back_32_read_jump.o  ./src/Overlays/stream_ip_bsp/loop_back_128_write_jump/xloop_back_128_write_jump.o  ./src/Overlays/stream_ip_bsp/loop_back_128_write_axi_lite_jump/xloop_back_128_write_axi_lite_jump.o  ./src/Overlays/stream_ip_bsp/loop_back_128_read_jump/xloop_back_128_read_jump.o  ./src/Overlays/stream_ip_bsp/loop_back_128_read_axi_lite_jump/xloop_back_128_read_axi_lite_jump.o  ./src/Overlays/stream_ip_bsp/example_jump_table/example_jump.o  ./src/Overlays/stream_ip_bsp/circ_buff_write_many_jump/xcirc_buff_write_many_jump.o  ./src/Overlays/stream_ip_bsp/circ_buff_write_many_128_jump/xcirc_buff_write_many_128_jump.o  ./src/Overlays/stream_ip_bsp/circ_buff_write_jump/xcirc_buff_write_jump.o  ./src/Overlays/stream_ip_bsp/circ_buff_write_128_jump/xcirc_buff_write_128_jump.o  ./src/Overlays/stream_ip_bsp/circ_buff_read_many_jump/xcirc_buff_read_many_jump.o  ./src/Overlays/stream_ip_bsp/circ_buff_read_many_128_jump/xcirc_buff_read_many_128_jump.o  ./src/Overlays/stream_ip_bsp/circ_buff_read_jump/xcirc_buff_read_jump.o  ./src/Overlays/stream_ip_bsp/circ_buff_read_128_jump/xcirc_buff_read_128_jump.o  ./src/Overlays/stream_ip_bsp/bert_example_jump/bert_example_jump.o  ./src/Overlays/stream_ip_bsp/bsp_jump_table.o  ./src/Overlays/benchmark_stream.o ./src/Overlays/mmu.o ./src/Overlays/stream.o  ./src/kernel1.o ./src/main.o   -Wl,--start-group,-lxil,-lgcc,-lc,-lstdc++,--end-group
Finished building target: core1.elf
 
Invoking: ARM v8 Print Size
aarch64-none-elf-size core1.elf  |tee "core1.elf.size"
   text	   data	    bss	    dec	    hex	filename
 192024	   4856	 270140	 467020	  7204c	core1.elf
Finished building: core1.elf.size
 
22:05:23 **** Incremental Build of configuration Debug for project core0 ****
make all 
Building file: ../src/kernel0.cc
Invoking: ARM v8 g++ compiler
aarch64-none-elf-g++ -Wall -O3 -g3 -c -fmessage-length=0 -MT"src/kernel0.o" -I../../core0_bsp/psu_cortexa53_0/include -MMD -MP -MF"src/kernel0.d" -MT"src/kernel0.o" -o "src/kernel0.o" "../src/kernel0.cc"
In file included from ../src/kernel0.cc:10:0:
../../core0_bsp/psu_cortexa53_0/include/xtime_l.h:85:70: note: #pragma message: For the sleep routines, Global timer is being used
 #pragma message ("For the sleep routines, Global timer is being used")
                                                                      ^
../src/kernel0.cc: In function 'int kernel_pl_mix(pr_flow::memory_t)':
../src/kernel0.cc:41:116: warning: format '%d' expects argument of type 'int', but argument 3 has type 'uint64_t {aka long unsigned int}' [-Wformat=]
   printf("SW: %d (core0->core1) * 2 (core1->core2) * 2 (core2->core3) -2 (core3->core0) = %d\n", i, receive_data[i]);
                                                                                                     ~~~~~~~~~~~~~~~^
../src/kernel0.cc:51:139: warning: format '%d' expects argument of type 'int', but argument 3 has type 'uint64_t {aka long unsigned int}' [-Wformat=]
   printf("HW: %d (core0->core1) * 2 (core1->core2) * 2 (core2->core3) -2 (core3->Fabrics) +10 (Fabrics->core0) = %d\n", i, receive_data[i]);
                                                                                                                            ~~~~~~~~~~~~~~~^
../src/kernel0.cc: In function 'int kernel_4_ip_hw(pr_flow::memory_t)':
../src/kernel0.cc:144:8: warning: unused variable 'timer_end' [-Wunused-variable]
  XTime timer_end;
        ^~~~~~~~~
../src/kernel0.cc:161:11: warning: unused variable 'expected' [-Wunused-variable]
  uint64_t expected = 0;
           ^~~~~~~~
../src/kernel0.cc:162:11: warning: unused variable 'data' [-Wunused-variable]
  uint64_t data = 0;
           ^~~~
../src/kernel0.cc:163:18: warning: unused variable 'data1' [-Wunused-variable]
  pr_flow::wide_t data1;
                  ^~~~~
Finished building: ../src/kernel0.cc
 
Building target: core0.elf
Invoking: ARM v8 g++ linker
aarch64-none-elf-g++ -Wl,-T -Wl,../src/lscript.ld -L../../core0_bsp/psu_cortexa53_0/lib -o "core0.elf"  ./src/Overlays/stream_ip_bsp/write_only_64_jump/xwrite_only_64_jump.o  ./src/Overlays/stream_ip_bsp/write_only_32_jump/xwrite_only_32_jump.o  ./src/Overlays/stream_ip_bsp/write_only_128_jump/xwrite_only_128_jump.o  ./src/Overlays/stream_ip_bsp/write_only_128_burst_jump/xwrite_only_128_burst_jump.o  ./src/Overlays/stream_ip_bsp/read_only_64_jump/xread_only_64_jump.o  ./src/Overlays/stream_ip_bsp/read_only_32_jump/xread_only_32_jump.o  ./src/Overlays/stream_ip_bsp/read_only_128_jump/xread_only_128_jump.o  ./src/Overlays/stream_ip_bsp/read_only_128_burst_jump/xread_only_128_burst_jump.o  ./src/Overlays/stream_ip_bsp/presence_write_jump/xpresence_write_jump.o  ./src/Overlays/stream_ip_bsp/presence_read_jump/xpresence_read_jump.o  ./src/Overlays/stream_ip_bsp/loop_back_64_write_jump/xloop_back_64_write_jump.o  ./src/Overlays/stream_ip_bsp/loop_back_64_read_jump/xloop_back_64_read_jump.o  ./src/Overlays/stream_ip_bsp/loop_back_32_write_jump/xloop_back_32_write_jump.o  ./src/Overlays/stream_ip_bsp/loop_back_32_read_jump/xloop_back_32_read_jump.o  ./src/Overlays/stream_ip_bsp/loop_back_128_write_jump/xloop_back_128_write_jump.o  ./src/Overlays/stream_ip_bsp/loop_back_128_write_axi_lite_jump/xloop_back_128_write_axi_lite_jump.o  ./src/Overlays/stream_ip_bsp/loop_back_128_read_jump/xloop_back_128_read_jump.o  ./src/Overlays/stream_ip_bsp/loop_back_128_read_axi_lite_jump/xloop_back_128_read_axi_lite_jump.o  ./src/Overlays/stream_ip_bsp/example_jump_table/example_jump.o  ./src/Overlays/stream_ip_bsp/circ_buff_write_many_jump/xcirc_buff_write_many_jump.o  ./src/Overlays/stream_ip_bsp/circ_buff_write_many_128_jump/xcirc_buff_write_many_128_jump.o  ./src/Overlays/stream_ip_bsp/circ_buff_write_jump/xcirc_buff_write_jump.o  ./src/Overlays/stream_ip_bsp/circ_buff_write_128_jump/xcirc_buff_write_128_jump.o  ./src/Overlays/stream_ip_bsp/circ_buff_read_many_jump/xcirc_buff_read_many_jump.o  ./src/Overlays/stream_ip_bsp/circ_buff_read_many_128_jump/xcirc_buff_read_many_128_jump.o  ./src/Overlays/stream_ip_bsp/circ_buff_read_jump/xcirc_buff_read_jump.o  ./src/Overlays/stream_ip_bsp/circ_buff_read_128_jump/xcirc_buff_read_128_jump.o  ./src/Overlays/stream_ip_bsp/bert_example_jump/bert_example_jump.o  ./src/Overlays/stream_ip_bsp/bsp_jump_table.o  ./src/Overlays/benchmark_stream.o ./src/Overlays/mmu.o ./src/Overlays/stream.o  ./src/kernel0.o ./src/main.o   -Wl,--start-group,-lxil,-lgcc,-lc,-lstdc++,--end-group
Finished building target: core0.elf
 
Invoking: ARM v8 Print Size
aarch64-none-elf-size core0.elf  |tee "core0.elf.size"
   text	   data	    bss	    dec	    hex	filename
 192541	   4856	 504292	 701689	  ab4f9	core0.elf
Finished building: core0.elf.size
 
22:05:42 **** Incremental Build of configuration Debug for project core3 ****
make all 
make: Nothing to be done for 'all'.
22:05:43 **** Incremental Build of configuration Debug for project core2 ****
make all 
make: Nothing to be done for 'all'.
22:05:44 **** Incremental Build of configuration Debug for project core1 ****
make all 
make: Nothing to be done for 'all'.
22:05:46 **** Incremental Build of configuration Debug for project core0 ****
make all 
make: Nothing to be done for 'all'.
22:06:25 **** Incremental Build of configuration Debug for project core3 ****
make all 
make: Nothing to be done for 'all'.
22:06:27 **** Incremental Build of configuration Debug for project core2 ****
make all 
make: Nothing to be done for 'all'.
22:06:28 **** Incremental Build of configuration Debug for project core1 ****
make all 
Building file: ../src/kernel1.cc
Invoking: ARM v8 g++ compiler
aarch64-none-elf-g++ -Wall -O3 -g3 -c -fmessage-length=0 -MT"src/kernel1.o" -I../../core1_bsp/psu_cortexa53_1/include -MMD -MP -MF"src/kernel1.d" -MT"src/kernel1.o" -o "src/kernel1.o" "../src/kernel1.cc"
In file included from ../src/kernel1.cc:12:0:
../../core1_bsp/psu_cortexa53_1/include/xtime_l.h:85:70: note: #pragma message: For the sleep routines, Global timer is being used
 #pragma message ("For the sleep routines, Global timer is being used")
                                                                      ^
../src/kernel1.cc: In function 'void kernel_pl_sw(pr_flow::memory_t)':
../src/kernel1.cc:66:11: warning: variable 'data' set but not used [-Wunused-but-set-variable]
  uint64_t data;
           ^~~~
../src/kernel1.cc: In function 'void kernel_pl_hw(pr_flow::memory_t)':
../src/kernel1.cc:109:11: warning: variable 'data' set but not used [-Wunused-but-set-variable]
  uint64_t data;
           ^~~~
../src/kernel1.cc: In function 'int kernel_4_ip_hw(pr_flow::memory_t)':
../src/kernel1.cc:164:11: warning: unused variable 'expected' [-Wunused-variable]
  uint64_t expected = 0;
           ^~~~~~~~
../src/kernel1.cc:165:11: warning: variable 'data' set but not used [-Wunused-but-set-variable]
  uint64_t data = 0;
           ^~~~
../src/kernel1.cc:166:18: warning: unused variable 'data1' [-Wunused-variable]
  pr_flow::wide_t data1;
                  ^~~~~
Finished building: ../src/kernel1.cc
 
Building target: core1.elf
Invoking: ARM v8 g++ linker
aarch64-none-elf-g++ -Wl,-T -Wl,../src/lscript.ld -L../../core1_bsp/psu_cortexa53_1/lib -o "core1.elf"  ./src/Overlays/stream_ip_bsp/write_only_64_jump/xwrite_only_64_jump.o  ./src/Overlays/stream_ip_bsp/write_only_32_jump/xwrite_only_32_jump.o  ./src/Overlays/stream_ip_bsp/write_only_128_jump/xwrite_only_128_jump.o  ./src/Overlays/stream_ip_bsp/write_only_128_burst_jump/xwrite_only_128_burst_jump.o  ./src/Overlays/stream_ip_bsp/read_only_64_jump/xread_only_64_jump.o  ./src/Overlays/stream_ip_bsp/read_only_32_jump/xread_only_32_jump.o  ./src/Overlays/stream_ip_bsp/read_only_128_jump/xread_only_128_jump.o  ./src/Overlays/stream_ip_bsp/read_only_128_burst_jump/xread_only_128_burst_jump.o  ./src/Overlays/stream_ip_bsp/presence_write_jump/xpresence_write_jump.o  ./src/Overlays/stream_ip_bsp/presence_read_jump/xpresence_read_jump.o  ./src/Overlays/stream_ip_bsp/loop_back_64_write_jump/xloop_back_64_write_jump.o  ./src/Overlays/stream_ip_bsp/loop_back_64_read_jump/xloop_back_64_read_jump.o  ./src/Overlays/stream_ip_bsp/loop_back_32_write_jump/xloop_back_32_write_jump.o  ./src/Overlays/stream_ip_bsp/loop_back_32_read_jump/xloop_back_32_read_jump.o  ./src/Overlays/stream_ip_bsp/loop_back_128_write_jump/xloop_back_128_write_jump.o  ./src/Overlays/stream_ip_bsp/loop_back_128_write_axi_lite_jump/xloop_back_128_write_axi_lite_jump.o  ./src/Overlays/stream_ip_bsp/loop_back_128_read_jump/xloop_back_128_read_jump.o  ./src/Overlays/stream_ip_bsp/loop_back_128_read_axi_lite_jump/xloop_back_128_read_axi_lite_jump.o  ./src/Overlays/stream_ip_bsp/example_jump_table/example_jump.o  ./src/Overlays/stream_ip_bsp/circ_buff_write_many_jump/xcirc_buff_write_many_jump.o  ./src/Overlays/stream_ip_bsp/circ_buff_write_many_128_jump/xcirc_buff_write_many_128_jump.o  ./src/Overlays/stream_ip_bsp/circ_buff_write_jump/xcirc_buff_write_jump.o  ./src/Overlays/stream_ip_bsp/circ_buff_write_128_jump/xcirc_buff_write_128_jump.o  ./src/Overlays/stream_ip_bsp/circ_buff_read_many_jump/xcirc_buff_read_many_jump.o  ./src/Overlays/stream_ip_bsp/circ_buff_read_many_128_jump/xcirc_buff_read_many_128_jump.o  ./src/Overlays/stream_ip_bsp/circ_buff_read_jump/xcirc_buff_read_jump.o  ./src/Overlays/stream_ip_bsp/circ_buff_read_128_jump/xcirc_buff_read_128_jump.o  ./src/Overlays/stream_ip_bsp/bert_example_jump/bert_example_jump.o  ./src/Overlays/stream_ip_bsp/bsp_jump_table.o  ./src/Overlays/benchmark_stream.o ./src/Overlays/mmu.o ./src/Overlays/stream.o  ./src/kernel1.o ./src/main.o   -Wl,--start-group,-lxil,-lgcc,-lc,-lstdc++,--end-group
Finished building target: core1.elf
 
Invoking: ARM v8 Print Size
aarch64-none-elf-size core1.elf  |tee "core1.elf.size"
   text	   data	    bss	    dec	    hex	filename
 192024	   4856	 270140	 467020	  7204c	core1.elf
Finished building: core1.elf.size
 
22:06:30 **** Incremental Build of configuration Debug for project core0 ****
make all 
Building file: ../src/kernel0.cc
Invoking: ARM v8 g++ compiler
aarch64-none-elf-g++ -Wall -O3 -g3 -c -fmessage-length=0 -MT"src/kernel0.o" -I../../core0_bsp/psu_cortexa53_0/include -MMD -MP -MF"src/kernel0.d" -MT"src/kernel0.o" -o "src/kernel0.o" "../src/kernel0.cc"
In file included from ../src/kernel0.cc:10:0:
../../core0_bsp/psu_cortexa53_0/include/xtime_l.h:85:70: note: #pragma message: For the sleep routines, Global timer is being used
 #pragma message ("For the sleep routines, Global timer is being used")
                                                                      ^
../src/kernel0.cc: In function 'int kernel_pl_mix(pr_flow::memory_t)':
../src/kernel0.cc:41:116: warning: format '%d' expects argument of type 'int', but argument 3 has type 'uint64_t {aka long unsigned int}' [-Wformat=]
   printf("SW: %d (core0->core1) * 2 (core1->core2) * 2 (core2->core3) -2 (core3->core0) = %d\n", i, receive_data[i]);
                                                                                                     ~~~~~~~~~~~~~~~^
../src/kernel0.cc:51:139: warning: format '%d' expects argument of type 'int', but argument 3 has type 'uint64_t {aka long unsigned int}' [-Wformat=]
   printf("HW: %d (core0->core1) * 2 (core1->core2) * 2 (core2->core3) -2 (core3->Fabrics) +10 (Fabrics->core0) = %d\n", i, receive_data[i]);
                                                                                                                            ~~~~~~~~~~~~~~~^
../src/kernel0.cc: In function 'int kernel_4_ip_hw(pr_flow::memory_t)':
../src/kernel0.cc:144:8: warning: unused variable 'timer_end' [-Wunused-variable]
  XTime timer_end;
        ^~~~~~~~~
../src/kernel0.cc:161:11: warning: unused variable 'expected' [-Wunused-variable]
  uint64_t expected = 0;
           ^~~~~~~~
../src/kernel0.cc:162:11: warning: unused variable 'data' [-Wunused-variable]
  uint64_t data = 0;
           ^~~~
../src/kernel0.cc:163:18: warning: unused variable 'data1' [-Wunused-variable]
  pr_flow::wide_t data1;
                  ^~~~~
Finished building: ../src/kernel0.cc
 
Building target: core0.elf
Invoking: ARM v8 g++ linker
aarch64-none-elf-g++ -Wl,-T -Wl,../src/lscript.ld -L../../core0_bsp/psu_cortexa53_0/lib -o "core0.elf"  ./src/Overlays/stream_ip_bsp/write_only_64_jump/xwrite_only_64_jump.o  ./src/Overlays/stream_ip_bsp/write_only_32_jump/xwrite_only_32_jump.o  ./src/Overlays/stream_ip_bsp/write_only_128_jump/xwrite_only_128_jump.o  ./src/Overlays/stream_ip_bsp/write_only_128_burst_jump/xwrite_only_128_burst_jump.o  ./src/Overlays/stream_ip_bsp/read_only_64_jump/xread_only_64_jump.o  ./src/Overlays/stream_ip_bsp/read_only_32_jump/xread_only_32_jump.o  ./src/Overlays/stream_ip_bsp/read_only_128_jump/xread_only_128_jump.o  ./src/Overlays/stream_ip_bsp/read_only_128_burst_jump/xread_only_128_burst_jump.o  ./src/Overlays/stream_ip_bsp/presence_write_jump/xpresence_write_jump.o  ./src/Overlays/stream_ip_bsp/presence_read_jump/xpresence_read_jump.o  ./src/Overlays/stream_ip_bsp/loop_back_64_write_jump/xloop_back_64_write_jump.o  ./src/Overlays/stream_ip_bsp/loop_back_64_read_jump/xloop_back_64_read_jump.o  ./src/Overlays/stream_ip_bsp/loop_back_32_write_jump/xloop_back_32_write_jump.o  ./src/Overlays/stream_ip_bsp/loop_back_32_read_jump/xloop_back_32_read_jump.o  ./src/Overlays/stream_ip_bsp/loop_back_128_write_jump/xloop_back_128_write_jump.o  ./src/Overlays/stream_ip_bsp/loop_back_128_write_axi_lite_jump/xloop_back_128_write_axi_lite_jump.o  ./src/Overlays/stream_ip_bsp/loop_back_128_read_jump/xloop_back_128_read_jump.o  ./src/Overlays/stream_ip_bsp/loop_back_128_read_axi_lite_jump/xloop_back_128_read_axi_lite_jump.o  ./src/Overlays/stream_ip_bsp/example_jump_table/example_jump.o  ./src/Overlays/stream_ip_bsp/circ_buff_write_many_jump/xcirc_buff_write_many_jump.o  ./src/Overlays/stream_ip_bsp/circ_buff_write_many_128_jump/xcirc_buff_write_many_128_jump.o  ./src/Overlays/stream_ip_bsp/circ_buff_write_jump/xcirc_buff_write_jump.o  ./src/Overlays/stream_ip_bsp/circ_buff_write_128_jump/xcirc_buff_write_128_jump.o  ./src/Overlays/stream_ip_bsp/circ_buff_read_many_jump/xcirc_buff_read_many_jump.o  ./src/Overlays/stream_ip_bsp/circ_buff_read_many_128_jump/xcirc_buff_read_many_128_jump.o  ./src/Overlays/stream_ip_bsp/circ_buff_read_jump/xcirc_buff_read_jump.o  ./src/Overlays/stream_ip_bsp/circ_buff_read_128_jump/xcirc_buff_read_128_jump.o  ./src/Overlays/stream_ip_bsp/bert_example_jump/bert_example_jump.o  ./src/Overlays/stream_ip_bsp/bsp_jump_table.o  ./src/Overlays/benchmark_stream.o ./src/Overlays/mmu.o ./src/Overlays/stream.o  ./src/kernel0.o ./src/main.o   -Wl,--start-group,-lxil,-lgcc,-lc,-lstdc++,--end-group
Finished building target: core0.elf
 
Invoking: ARM v8 Print Size
aarch64-none-elf-size core0.elf  |tee "core0.elf.size"
   text	   data	    bss	    dec	    hex	filename
 192541	   4856	 508388	 705785	  ac4f9	core0.elf
Finished building: core0.elf.size
 
22:06:48 **** Incremental Build of configuration Debug for project core3 ****
make all 
make: Nothing to be done for 'all'.
22:06:49 **** Incremental Build of configuration Debug for project core2 ****
make all 
make: Nothing to be done for 'all'.
22:06:51 **** Incremental Build of configuration Debug for project core1 ****
make all 
make: Nothing to be done for 'all'.
22:06:52 **** Incremental Build of configuration Debug for project core0 ****
make all 
make: Nothing to be done for 'all'.
22:07:54 **** Incremental Build of configuration Debug for project core3 ****
make all 
make: Nothing to be done for 'all'.
22:07:56 **** Incremental Build of configuration Debug for project core2 ****
make all 
make: Nothing to be done for 'all'.
22:07:57 **** Incremental Build of configuration Debug for project core1 ****
make all 
Building file: ../src/kernel1.cc
Invoking: ARM v8 g++ compiler
aarch64-none-elf-g++ -Wall -O3 -g3 -c -fmessage-length=0 -MT"src/kernel1.o" -I../../core1_bsp/psu_cortexa53_1/include -MMD -MP -MF"src/kernel1.d" -MT"src/kernel1.o" -o "src/kernel1.o" "../src/kernel1.cc"
In file included from ../src/kernel1.cc:12:0:
../../core1_bsp/psu_cortexa53_1/include/xtime_l.h:85:70: note: #pragma message: For the sleep routines, Global timer is being used
 #pragma message ("For the sleep routines, Global timer is being used")
                                                                      ^
../src/kernel1.cc: In function 'void kernel_pl_sw(pr_flow::memory_t)':
../src/kernel1.cc:66:11: warning: variable 'data' set but not used [-Wunused-but-set-variable]
  uint64_t data;
           ^~~~
../src/kernel1.cc: In function 'void kernel_pl_hw(pr_flow::memory_t)':
../src/kernel1.cc:109:11: warning: variable 'data' set but not used [-Wunused-but-set-variable]
  uint64_t data;
           ^~~~
../src/kernel1.cc: In function 'int kernel_4_ip_hw(pr_flow::memory_t)':
../src/kernel1.cc:164:11: warning: unused variable 'expected' [-Wunused-variable]
  uint64_t expected = 0;
           ^~~~~~~~
../src/kernel1.cc:165:11: warning: variable 'data' set but not used [-Wunused-but-set-variable]
  uint64_t data = 0;
           ^~~~
../src/kernel1.cc:166:18: warning: unused variable 'data1' [-Wunused-variable]
  pr_flow::wide_t data1;
                  ^~~~~
Finished building: ../src/kernel1.cc
 
Building target: core1.elf
Invoking: ARM v8 g++ linker
[...]
In file included from ../src/kernel1.cc:12:0:
../../core1_bsp/psu_cortexa53_1/include/xtime_l.h:85:70: note: #pragma message: For the sleep routines, Global timer is being used
 #pragma message ("For the sleep routines, Global timer is being used")
                                                                      ^
../src/kernel1.cc: In function 'void kernel_pl_sw(pr_flow::memory_t)':
../src/kernel1.cc:66:11: warning: variable 'data' set but not used [-Wunused-but-set-variable]
  uint64_t data;
           ^~~~
../src/kernel1.cc: In function 'void kernel_pl_hw(pr_flow::memory_t)':
../src/kernel1.cc:109:11: warning: variable 'data' set but not used [-Wunused-but-set-variable]
  uint64_t data;
           ^~~~
../src/kernel1.cc: In function 'int kernel_4_ip_hw(pr_flow::memory_t)':
../src/kernel1.cc:164:11: warning: unused variable 'expected' [-Wunused-variable]
  uint64_t expected = 0;
           ^~~~~~~~
../src/kernel1.cc:165:11: warning: variable 'data' set but not used [-Wunused-but-set-variable]
  uint64_t data = 0;
           ^~~~
../src/kernel1.cc:166:18: warning: unused variable 'data1' [-Wunused-variable]
  pr_flow::wide_t data1;
                  ^~~~~
Finished building: ../src/kernel1.cc
 
Building target: core1.elf
Invoking: ARM v8 g++ linker
aarch64-none-elf-g++ -Wl,-T -Wl,../src/lscript.ld -L../../core1_bsp/psu_cortexa53_1/lib -o "core1.elf"  ./src/Overlays/stream_ip_bsp/write_only_64_jump/xwrite_only_64_jump.o  ./src/Overlays/stream_ip_bsp/write_only_32_jump/xwrite_only_32_jump.o  ./src/Overlays/stream_ip_bsp/write_only_128_jump/xwrite_only_128_jump.o  ./src/Overlays/stream_ip_bsp/write_only_128_burst_jump/xwrite_only_128_burst_jump.o  ./src/Overlays/stream_ip_bsp/read_only_64_jump/xread_only_64_jump.o  ./src/Overlays/stream_ip_bsp/read_only_32_jump/xread_only_32_jump.o  ./src/Overlays/stream_ip_bsp/read_only_128_jump/xread_only_128_jump.o  ./src/Overlays/stream_ip_bsp/read_only_128_burst_jump/xread_only_128_burst_jump.o  ./src/Overlays/stream_ip_bsp/presence_write_jump/xpresence_write_jump.o  ./src/Overlays/stream_ip_bsp/presence_read_jump/xpresence_read_jump.o  ./src/Overlays/stream_ip_bsp/loop_back_64_write_jump/xloop_back_64_write_jump.o  ./src/Overlays/stream_ip_bsp/loop_back_64_read_jump/xloop_back_64_read_jump.o  ./src/Overlays/stream_ip_bsp/loop_back_32_write_jump/xloop_back_32_write_jump.o  ./src/Overlays/stream_ip_bsp/loop_back_32_read_jump/xloop_back_32_read_jump.o  ./src/Overlays/stream_ip_bsp/loop_back_128_write_jump/xloop_back_128_write_jump.o  ./src/Overlays/stream_ip_bsp/loop_back_128_write_axi_lite_jump/xloop_back_128_write_axi_lite_jump.o  ./src/Overlays/stream_ip_bsp/loop_back_128_read_jump/xloop_back_128_read_jump.o  ./src/Overlays/stream_ip_bsp/loop_back_128_read_axi_lite_jump/xloop_back_128_read_axi_lite_jump.o  ./src/Overlays/stream_ip_bsp/example_jump_table/example_jump.o  ./src/Overlays/stream_ip_bsp/circ_buff_write_many_jump/xcirc_buff_write_many_jump.o  ./src/Overlays/stream_ip_bsp/circ_buff_write_many_128_jump/xcirc_buff_write_many_128_jump.o  ./src/Overlays/stream_ip_bsp/circ_buff_write_jump/xcirc_buff_write_jump.o  ./src/Overlays/stream_ip_bsp/circ_buff_write_128_jump/xcirc_buff_write_128_jump.o  ./src/Overlays/stream_ip_bsp/circ_buff_read_many_jump/xcirc_buff_read_many_jump.o  ./src/Overlays/stream_ip_bsp/circ_buff_read_many_128_jump/xcirc_buff_read_many_128_jump.o  ./src/Overlays/stream_ip_bsp/circ_buff_read_jump/xcirc_buff_read_jump.o  ./src/Overlays/stream_ip_bsp/circ_buff_read_128_jump/xcirc_buff_read_128_jump.o  ./src/Overlays/stream_ip_bsp/bert_example_jump/bert_example_jump.o  ./src/Overlays/stream_ip_bsp/bsp_jump_table.o  ./src/Overlays/benchmark_stream.o ./src/Overlays/mmu.o ./src/Overlays/stream.o  ./src/kernel1.o ./src/main.o   -Wl,--start-group,-lxil,-lgcc,-lc,-lstdc++,--end-group
Finished building target: core1.elf
 
Invoking: ARM v8 Print Size
aarch64-none-elf-size core1.elf  |tee "core1.elf.size"
   text	   data	    bss	    dec	    hex	filename
 192080	   4856	 270148	 467084	  7208c	core1.elf
Finished building: core1.elf.size
 
22:28:49 **** Incremental Build of configuration Debug for project core0 ****
make all 
Building file: ../src/kernel0.cc
Invoking: ARM v8 g++ compiler
aarch64-none-elf-g++ -Wall -O3 -g3 -c -fmessage-length=0 -MT"src/kernel0.o" -I../../core0_bsp/psu_cortexa53_0/include -MMD -MP -MF"src/kernel0.d" -MT"src/kernel0.o" -o "src/kernel0.o" "../src/kernel0.cc"
In file included from ../src/kernel0.cc:10:0:
../../core0_bsp/psu_cortexa53_0/include/xtime_l.h:85:70: note: #pragma message: For the sleep routines, Global timer is being used
 #pragma message ("For the sleep routines, Global timer is being used")
                                                                      ^
../src/kernel0.cc: In function 'int kernel_pl_mix(pr_flow::memory_t)':
../src/kernel0.cc:41:116: warning: format '%d' expects argument of type 'int', but argument 3 has type 'uint64_t {aka long unsigned int}' [-Wformat=]
   printf("SW: %d (core0->core1) * 2 (core1->core2) * 2 (core2->core3) -2 (core3->core0) = %d\n", i, receive_data[i]);
                                                                                                     ~~~~~~~~~~~~~~~^
../src/kernel0.cc:51:139: warning: format '%d' expects argument of type 'int', but argument 3 has type 'uint64_t {aka long unsigned int}' [-Wformat=]
   printf("HW: %d (core0->core1) * 2 (core1->core2) * 2 (core2->core3) -2 (core3->Fabrics) +10 (Fabrics->core0) = %d\n", i, receive_data[i]);
                                                                                                                            ~~~~~~~~~~~~~~~^
../src/kernel0.cc: In function 'int kernel_4_ip_hw(pr_flow::memory_t)':
../src/kernel0.cc:144:8: warning: unused variable 'timer_end' [-Wunused-variable]
  XTime timer_end;
        ^~~~~~~~~
../src/kernel0.cc:145:8: warning: unused variable 'timer_start' [-Wunused-variable]
  XTime timer_start;
        ^~~~~~~~~~~
../src/kernel0.cc:161:11: warning: unused variable 'expected' [-Wunused-variable]
  uint64_t expected = 0;
           ^~~~~~~~
../src/kernel0.cc:162:11: warning: unused variable 'data' [-Wunused-variable]
  uint64_t data = 0;
           ^~~~
../src/kernel0.cc:163:18: warning: unused variable 'data1' [-Wunused-variable]
  pr_flow::wide_t data1;
                  ^~~~~
Finished building: ../src/kernel0.cc
 
Building target: core0.elf
Invoking: ARM v8 g++ linker
aarch64-none-elf-g++ -Wl,-T -Wl,../src/lscript.ld -L../../core0_bsp/psu_cortexa53_0/lib -o "core0.elf"  ./src/Overlays/stream_ip_bsp/write_only_64_jump/xwrite_only_64_jump.o  ./src/Overlays/stream_ip_bsp/write_only_32_jump/xwrite_only_32_jump.o  ./src/Overlays/stream_ip_bsp/write_only_128_jump/xwrite_only_128_jump.o  ./src/Overlays/stream_ip_bsp/write_only_128_burst_jump/xwrite_only_128_burst_jump.o  ./src/Overlays/stream_ip_bsp/read_only_64_jump/xread_only_64_jump.o  ./src/Overlays/stream_ip_bsp/read_only_32_jump/xread_only_32_jump.o  ./src/Overlays/stream_ip_bsp/read_only_128_jump/xread_only_128_jump.o  ./src/Overlays/stream_ip_bsp/read_only_128_burst_jump/xread_only_128_burst_jump.o  ./src/Overlays/stream_ip_bsp/presence_write_jump/xpresence_write_jump.o  ./src/Overlays/stream_ip_bsp/presence_read_jump/xpresence_read_jump.o  ./src/Overlays/stream_ip_bsp/loop_back_64_write_jump/xloop_back_64_write_jump.o  ./src/Overlays/stream_ip_bsp/loop_back_64_read_jump/xloop_back_64_read_jump.o  ./src/Overlays/stream_ip_bsp/loop_back_32_write_jump/xloop_back_32_write_jump.o  ./src/Overlays/stream_ip_bsp/loop_back_32_read_jump/xloop_back_32_read_jump.o  ./src/Overlays/stream_ip_bsp/loop_back_128_write_jump/xloop_back_128_write_jump.o  ./src/Overlays/stream_ip_bsp/loop_back_128_write_axi_lite_jump/xloop_back_128_write_axi_lite_jump.o  ./src/Overlays/stream_ip_bsp/loop_back_128_read_jump/xloop_back_128_read_jump.o  ./src/Overlays/stream_ip_bsp/loop_back_128_read_axi_lite_jump/xloop_back_128_read_axi_lite_jump.o  ./src/Overlays/stream_ip_bsp/example_jump_table/example_jump.o  ./src/Overlays/stream_ip_bsp/circ_buff_write_many_jump/xcirc_buff_write_many_jump.o  ./src/Overlays/stream_ip_bsp/circ_buff_write_many_128_jump/xcirc_buff_write_many_128_jump.o  ./src/Overlays/stream_ip_bsp/circ_buff_write_jump/xcirc_buff_write_jump.o  ./src/Overlays/stream_ip_bsp/circ_buff_write_128_jump/xcirc_buff_write_128_jump.o  ./src/Overlays/stream_ip_bsp/circ_buff_read_many_jump/xcirc_buff_read_many_jump.o  ./src/Overlays/stream_ip_bsp/circ_buff_read_many_128_jump/xcirc_buff_read_many_128_jump.o  ./src/Overlays/stream_ip_bsp/circ_buff_read_jump/xcirc_buff_read_jump.o  ./src/Overlays/stream_ip_bsp/circ_buff_read_128_jump/xcirc_buff_read_128_jump.o  ./src/Overlays/stream_ip_bsp/bert_example_jump/bert_example_jump.o  ./src/Overlays/stream_ip_bsp/bsp_jump_table.o  ./src/Overlays/benchmark_stream.o ./src/Overlays/mmu.o ./src/Overlays/stream.o  ./src/kernel0.o ./src/main.o   -Wl,--start-group,-lxil,-lgcc,-lc,-lstdc++,--end-group
Finished building target: core0.elf
 
Invoking: ARM v8 Print Size
aarch64-none-elf-size core0.elf  |tee "core0.elf.size"
   text	   data	    bss	    dec	    hex	filename
 192613	   4856	3768804	3966273	 3c8541	core0.elf
Finished building: core0.elf.size
 
22:29:05 **** Incremental Build of configuration Debug for project core3 ****
make all 
make: Nothing to be done for 'all'.
22:29:07 **** Incremental Build of configuration Debug for project core2 ****
make all 
make: Nothing to be done for 'all'.
22:29:08 **** Incremental Build of configuration Debug for project core1 ****
make all 
make: Nothing to be done for 'all'.
22:29:09 **** Incremental Build of configuration Debug for project core0 ****
make all 
make: Nothing to be done for 'all'.
22:34:57 **** Incremental Build of configuration Debug for project core3 ****
make all 
make: Nothing to be done for 'all'.
22:34:58 **** Incremental Build of configuration Debug for project core2 ****
make all 
make: Nothing to be done for 'all'.
22:35:00 **** Incremental Build of configuration Debug for project core1 ****
make all 
Building file: ../src/kernel1.cc
Invoking: ARM v8 g++ compiler
aarch64-none-elf-g++ -Wall -O3 -g3 -c -fmessage-length=0 -MT"src/kernel1.o" -I../../core1_bsp/psu_cortexa53_1/include -MMD -MP -MF"src/kernel1.d" -MT"src/kernel1.o" -o "src/kernel1.o" "../src/kernel1.cc"
In file included from ../src/kernel1.cc:12:0:
../../core1_bsp/psu_cortexa53_1/include/xtime_l.h:85:70: note: #pragma message: For the sleep routines, Global timer is being used
 #pragma message ("For the sleep routines, Global timer is being used")
                                                                      ^
../src/kernel1.cc: In function 'void kernel_pl_sw(pr_flow::memory_t)':
../src/kernel1.cc:66:11: warning: variable 'data' set but not used [-Wunused-but-set-variable]
  uint64_t data;
           ^~~~
../src/kernel1.cc: In function 'void kernel_pl_hw(pr_flow::memory_t)':
../src/kernel1.cc:109:11: warning: variable 'data' set but not used [-Wunused-but-set-variable]
  uint64_t data;
           ^~~~
../src/kernel1.cc: In function 'int kernel_4_ip_hw(pr_flow::memory_t)':
../src/kernel1.cc:164:11: warning: unused variable 'expected' [-Wunused-variable]
  uint64_t expected = 0;
           ^~~~~~~~
../src/kernel1.cc:165:11: warning: variable 'data' set but not used [-Wunused-but-set-variable]
  uint64_t data = 0;
           ^~~~
../src/kernel1.cc:166:18: warning: unused variable 'data1' [-Wunused-variable]
  pr_flow::wide_t data1;
                  ^~~~~
Finished building: ../src/kernel1.cc
 
Building target: core1.elf
Invoking: ARM v8 g++ linker
aarch64-none-elf-g++ -Wl,-T -Wl,../src/lscript.ld -L../../core1_bsp/psu_cortexa53_1/lib -o "core1.elf"  ./src/Overlays/stream_ip_bsp/write_only_64_jump/xwrite_only_64_jump.o  ./src/Overlays/stream_ip_bsp/write_only_32_jump/xwrite_only_32_jump.o  ./src/Overlays/stream_ip_bsp/write_only_128_jump/xwrite_only_128_jump.o  ./src/Overlays/stream_ip_bsp/write_only_128_burst_jump/xwrite_only_128_burst_jump.o  ./src/Overlays/stream_ip_bsp/read_only_64_jump/xread_only_64_jump.o  ./src/Overlays/stream_ip_bsp/read_only_32_jump/xread_only_32_jump.o  ./src/Overlays/stream_ip_bsp/read_only_128_jump/xread_only_128_jump.o  ./src/Overlays/stream_ip_bsp/read_only_128_burst_jump/xread_only_128_burst_jump.o  ./src/Overlays/stream_ip_bsp/presence_write_jump/xpresence_write_jump.o  ./src/Overlays/stream_ip_bsp/presence_read_jump/xpresence_read_jump.o  ./src/Overlays/stream_ip_bsp/loop_back_64_write_jump/xloop_back_64_write_jump.o  ./src/Overlays/stream_ip_bsp/loop_back_64_read_jump/xloop_back_64_read_jump.o  ./src/Overlays/stream_ip_bsp/loop_back_32_write_jump/xloop_back_32_write_jump.o  ./src/Overlays/stream_ip_bsp/loop_back_32_read_jump/xloop_back_32_read_jump.o  ./src/Overlays/stream_ip_bsp/loop_back_128_write_jump/xloop_back_128_write_jump.o  ./src/Overlays/stream_ip_bsp/loop_back_128_write_axi_lite_jump/xloop_back_128_write_axi_lite_jump.o  ./src/Overlays/stream_ip_bsp/loop_back_128_read_jump/xloop_back_128_read_jump.o  ./src/Overlays/stream_ip_bsp/loop_back_128_read_axi_lite_jump/xloop_back_128_read_axi_lite_jump.o  ./src/Overlays/stream_ip_bsp/example_jump_table/example_jump.o  ./src/Overlays/stream_ip_bsp/circ_buff_write_many_jump/xcirc_buff_write_many_jump.o  ./src/Overlays/stream_ip_bsp/circ_buff_write_many_128_jump/xcirc_buff_write_many_128_jump.o  ./src/Overlays/stream_ip_bsp/circ_buff_write_jump/xcirc_buff_write_jump.o  ./src/Overlays/stream_ip_bsp/circ_buff_write_128_jump/xcirc_buff_write_128_jump.o  ./src/Overlays/stream_ip_bsp/circ_buff_read_many_jump/xcirc_buff_read_many_jump.o  ./src/Overlays/stream_ip_bsp/circ_buff_read_many_128_jump/xcirc_buff_read_many_128_jump.o  ./src/Overlays/stream_ip_bsp/circ_buff_read_jump/xcirc_buff_read_jump.o  ./src/Overlays/stream_ip_bsp/circ_buff_read_128_jump/xcirc_buff_read_128_jump.o  ./src/Overlays/stream_ip_bsp/bert_example_jump/bert_example_jump.o  ./src/Overlays/stream_ip_bsp/bsp_jump_table.o  ./src/Overlays/benchmark_stream.o ./src/Overlays/mmu.o ./src/Overlays/stream.o  ./src/kernel1.o ./src/main.o   -Wl,--start-group,-lxil,-lgcc,-lc,-lstdc++,--end-group
Finished building target: core1.elf
 
Invoking: ARM v8 Print Size
aarch64-none-elf-size core1.elf  |tee "core1.elf.size"
   text	   data	    bss	    dec	    hex	filename
 192016	   4856	 270148	 467020	  7204c	core1.elf
Finished building: core1.elf.size
 
22:35:02 **** Incremental Build of configuration Debug for project core0 ****
make all 
Building file: ../src/kernel0.cc
Invoking: ARM v8 g++ compiler
aarch64-none-elf-g++ -Wall -O3 -g3 -c -fmessage-length=0 -MT"src/kernel0.o" -I../../core0_bsp/psu_cortexa53_0/include -MMD -MP -MF"src/kernel0.d" -MT"src/kernel0.o" -o "src/kernel0.o" "../src/kernel0.cc"
In file included from ../src/kernel0.cc:10:0:
../../core0_bsp/psu_cortexa53_0/include/xtime_l.h:85:70: note: #pragma message: For the sleep routines, Global timer is being used
 #pragma message ("For the sleep routines, Global timer is being used")
                                                                      ^
../src/kernel0.cc: In function 'int kernel_pl_mix(pr_flow::memory_t)':
../src/kernel0.cc:41:116: warning: format '%d' expects argument of type 'int', but argument 3 has type 'uint64_t {aka long unsigned int}' [-Wformat=]
   printf("SW: %d (core0->core1) * 2 (core1->core2) * 2 (core2->core3) -2 (core3->core0) = %d\n", i, receive_data[i]);
                                                                                                     ~~~~~~~~~~~~~~~^
../src/kernel0.cc:51:139: warning: format '%d' expects argument of type 'int', but argument 3 has type 'uint64_t {aka long unsigned int}' [-Wformat=]
   printf("HW: %d (core0->core1) * 2 (core1->core2) * 2 (core2->core3) -2 (core3->Fabrics) +10 (Fabrics->core0) = %d\n", i, receive_data[i]);
                                                                                                                            ~~~~~~~~~~~~~~~^
../src/kernel0.cc: In function 'int kernel_4_ip_hw(pr_flow::memory_t)':
../src/kernel0.cc:144:8: warning: unused variable 'timer_end' [-Wunused-variable]
  XTime timer_end;
        ^~~~~~~~~
../src/kernel0.cc:145:8: warning: unused variable 'timer_start' [-Wunused-variable]
  XTime timer_start;
        ^~~~~~~~~~~
../src/kernel0.cc:161:11: warning: unused variable 'expected' [-Wunused-variable]
  uint64_t expected = 0;
           ^~~~~~~~
../src/kernel0.cc:162:11: warning: unused variable 'data' [-Wunused-variable]
  uint64_t data = 0;
           ^~~~
../src/kernel0.cc:163:18: warning: unused variable 'data1' [-Wunused-variable]
  pr_flow::wide_t data1;
                  ^~~~~
Finished building: ../src/kernel0.cc
 
Building target: core0.elf
Invoking: ARM v8 g++ linker
aarch64-none-elf-g++ -Wl,-T -Wl,../src/lscript.ld -L../../core0_bsp/psu_cortexa53_0/lib -o "core0.elf"  ./src/Overlays/stream_ip_bsp/write_only_64_jump/xwrite_only_64_jump.o  ./src/Overlays/stream_ip_bsp/write_only_32_jump/xwrite_only_32_jump.o  ./src/Overlays/stream_ip_bsp/write_only_128_jump/xwrite_only_128_jump.o  ./src/Overlays/stream_ip_bsp/write_only_128_burst_jump/xwrite_only_128_burst_jump.o  ./src/Overlays/stream_ip_bsp/read_only_64_jump/xread_only_64_jump.o  ./src/Overlays/stream_ip_bsp/read_only_32_jump/xread_only_32_jump.o  ./src/Overlays/stream_ip_bsp/read_only_128_jump/xread_only_128_jump.o  ./src/Overlays/stream_ip_bsp/read_only_128_burst_jump/xread_only_128_burst_jump.o  ./src/Overlays/stream_ip_bsp/presence_write_jump/xpresence_write_jump.o  ./src/Overlays/stream_ip_bsp/presence_read_jump/xpresence_read_jump.o  ./src/Overlays/stream_ip_bsp/loop_back_64_write_jump/xloop_back_64_write_jump.o  ./src/Overlays/stream_ip_bsp/loop_back_64_read_jump/xloop_back_64_read_jump.o  ./src/Overlays/stream_ip_bsp/loop_back_32_write_jump/xloop_back_32_write_jump.o  ./src/Overlays/stream_ip_bsp/loop_back_32_read_jump/xloop_back_32_read_jump.o  ./src/Overlays/stream_ip_bsp/loop_back_128_write_jump/xloop_back_128_write_jump.o  ./src/Overlays/stream_ip_bsp/loop_back_128_write_axi_lite_jump/xloop_back_128_write_axi_lite_jump.o  ./src/Overlays/stream_ip_bsp/loop_back_128_read_jump/xloop_back_128_read_jump.o  ./src/Overlays/stream_ip_bsp/loop_back_128_read_axi_lite_jump/xloop_back_128_read_axi_lite_jump.o  ./src/Overlays/stream_ip_bsp/example_jump_table/example_jump.o  ./src/Overlays/stream_ip_bsp/circ_buff_write_many_jump/xcirc_buff_write_many_jump.o  ./src/Overlays/stream_ip_bsp/circ_buff_write_many_128_jump/xcirc_buff_write_many_128_jump.o  ./src/Overlays/stream_ip_bsp/circ_buff_write_jump/xcirc_buff_write_jump.o  ./src/Overlays/stream_ip_bsp/circ_buff_write_128_jump/xcirc_buff_write_128_jump.o  ./src/Overlays/stream_ip_bsp/circ_buff_read_many_jump/xcirc_buff_read_many_jump.o  ./src/Overlays/stream_ip_bsp/circ_buff_read_many_128_jump/xcirc_buff_read_many_128_jump.o  ./src/Overlays/stream_ip_bsp/circ_buff_read_jump/xcirc_buff_read_jump.o  ./src/Overlays/stream_ip_bsp/circ_buff_read_128_jump/xcirc_buff_read_128_jump.o  ./src/Overlays/stream_ip_bsp/bert_example_jump/bert_example_jump.o  ./src/Overlays/stream_ip_bsp/bsp_jump_table.o  ./src/Overlays/benchmark_stream.o ./src/Overlays/mmu.o ./src/Overlays/stream.o  ./src/kernel0.o ./src/main.o   -Wl,--start-group,-lxil,-lgcc,-lc,-lstdc++,--end-group
Finished building target: core0.elf
 
Invoking: ARM v8 Print Size
aarch64-none-elf-size core0.elf  |tee "core0.elf.size"
   text	   data	    bss	    dec	    hex	filename
 192541	   4856	 496100	 693497	  a94f9	core0.elf
Finished building: core0.elf.size
 
22:35:30 **** Incremental Build of configuration Debug for project core3 ****
make all 
make: Nothing to be done for 'all'.
22:35:32 **** Incremental Build of configuration Debug for project core2 ****
make all 
make: Nothing to be done for 'all'.
22:35:33 **** Incremental Build of configuration Debug for project core1 ****
make all 
make: Nothing to be done for 'all'.
22:35:34 **** Incremental Build of configuration Debug for project core0 ****
make all 
make: Nothing to be done for 'all'.
